

================================================================
== Synthesis Summary Report of 'StreamingDataflowPartition_1_MVAU_hls_0'
================================================================
+ General Information: 
    * Date:           Wed Mar 26 22:51:14 2025
    * Version:        2024.2 (Build 5238294 on Nov  8 2024)
    * Project:        project_StreamingDataflowPartition_1_MVAU_hls_0
    * Solution:       sol1 (Vivado IP Flow Target)
    * Product family: zynq
    * Target device:  xc7z020-clg400-1
    

+ Performance & Resource Estimates: 
    
    PS: '+' for module; 'o' for loop; '*' for dataflow
    +-------------------------------------------+------+-------+---------+-----------+----------+---------+-------+----------+---------+---------+-----------+-----------+-----+
    |                  Modules                  | Issue|       | Latency |  Latency  | Iteration|         |  Trip |          |         |         |           |           |     |
    |                  & Loops                  | Type | Slack | (cycles)|    (ns)   |  Latency | Interval| Count | Pipelined|  BRAM   |   DSP   |     FF    |    LUT    | URAM|
    +-------------------------------------------+------+-------+---------+-----------+----------+---------+-------+----------+---------+---------+-----------+-----------+-----+
    |+ StreamingDataflowPartition_1_MVAU_hls_0  |     -|   3.05|    50185|  1.004e+06|         -|    50186|      -|        no|  11 (3%)|  1 (~0%)|  6613 (6%)|  4085 (7%)|    -|
    | + Matrix_Vector_Activate_Stream_Batch     |     -|   3.05|    50182|  1.004e+06|         -|    50182|      -|        no|  11 (3%)|  1 (~0%)|  6600 (6%)|  4031 (7%)|    -|
    |  o VITIS_LOOP_249_1                       |     -|  14.60|    50180|  1.004e+06|         6|        1|  50176|  yes(flp)|        -|        -|          -|          -|    -|
    +-------------------------------------------+------+-------+---------+-----------+----------+---------+-------+----------+---------+---------+-----------+-----------+-----+


================================================================
== HW Interfaces
================================================================
* AXIS
+-----------+-----------+---------------+-------+--------+--------+
| Interface | Direction | Register Mode | TDATA | TREADY | TVALID |
+-----------+-----------+---------------+-------+--------+--------+
| in0_V     | in        | both          | 8     | 1      | 1      |
| out_V     | out       | both          | 8     | 1      | 1      |
| weights_V | in        | both          | 8     | 1      | 1      |
+-----------+-----------+---------------+-------+--------+--------+

* TOP LEVEL CONTROL
+-----------+--------------+----------+
| Interface | Type         | Ports    |
+-----------+--------------+----------+
| ap_clk    | clock        | ap_clk   |
| ap_rst_n  | reset        | ap_rst_n |
| ap_ctrl   | ap_ctrl_none |          |
+-----------+--------------+----------+


================================================================
== SW I/O Information
================================================================
* Top Function Arguments
+-----------+-----------+------------------------+
| Argument  | Direction | Datatype               |
+-----------+-----------+------------------------+
| in0_V     | in        | stream<ap_uint<8>, 0>& |
| weights_V | in        | stream<ap_uint<4>, 0>& |
| out_V     | out       | stream<ap_uint<4>, 0>& |
+-----------+-----------+------------------------+

* SW-to-HW Mapping
+-----------+--------------+-----------+
| Argument  | HW Interface | HW Type   |
+-----------+--------------+-----------+
| in0_V     | in0_V        | interface |
| weights_V | weights_V    | interface |
| out_V     | out_V        | interface |
+-----------+--------------+-----------+


================================================================
== Bind Op Report
================================================================
+-------------------------------------------+-----+--------+---------------+-----------+--------------------------+---------+
| Name                                      | DSP | Pragma | Variable      | Op        | Impl                     | Latency |
+-------------------------------------------+-----+--------+---------------+-----------+--------------------------+---------+
| + StreamingDataflowPartition_1_MVAU_hls_0 | 1   |        |               |           |                          |         |
|  + Matrix_Vector_Activate_Stream_Batch    | 1   |        |               |           |                          |         |
|    icmp_ln249_fu_5051_p2                  |     |        | icmp_ln249    | seteq     | auto                     | 0       |
|    i_2_fu_5057_p2                         |     |        | i_2           | add       | fabric                   | 0       |
|    icmp_ln253_fu_5067_p2                  |     |        | icmp_ln253    | seteq     | auto                     | 0       |
|    sparsemux_1569_10_8_1_1_U1             |     |        | tmp           | sparsemux | compactencoding_dontcare | 0       |
|    icmp_ln272_fu_14493_p2                 |     |        | icmp_ln272    | seteq     | auto                     | 0       |
|    grp_fu_15001_p2                        |     |        | res           | select    | auto_sel                 | 0       |
|    mac_muladd_8ns_4s_32s_32_4_1_U2        | 1   |        | r_1           | mul       | dsp_slice                | 3       |
|    mac_muladd_8ns_4s_32s_32_4_1_U2        | 1   |        | sext_ln169    | sext      | dsp_slice                | 3       |
|    mac_muladd_8ns_4s_32s_32_4_1_U2        | 1   |        | res_1         | add       | dsp_slice                | 3       |
|    sf_2_fu_14499_p2                       |     |        | sf_2          | add       | fabric                   | 0       |
|    icmp_ln290_fu_14505_p2                 |     |        | icmp_ln290    | seteq     | auto                     | 0       |
|    icmp_ln108_fu_14590_p2                 |     |        | icmp_ln108    | setlt     | auto                     | 0       |
|    result_fu_14595_p2                     |     |        | result        | xor       | auto                     | 0       |
|    icmp_ln108_1_fu_14609_p2               |     |        | icmp_ln108_1  | setlt     | auto                     | 0       |
|    xor_ln108_fu_14614_p2                  |     |        | xor_ln108     | xor       | auto                     | 0       |
|    icmp_ln108_2_fu_14628_p2               |     |        | icmp_ln108_2  | setlt     | auto                     | 0       |
|    xor_ln108_1_fu_14633_p2                |     |        | xor_ln108_1   | xor       | auto                     | 0       |
|    icmp_ln108_3_fu_14647_p2               |     |        | icmp_ln108_3  | setlt     | auto                     | 0       |
|    xor_ln108_2_fu_14652_p2                |     |        | xor_ln108_2   | xor       | auto                     | 0       |
|    icmp_ln108_4_fu_14666_p2               |     |        | icmp_ln108_4  | setlt     | auto                     | 0       |
|    xor_ln108_3_fu_14671_p2                |     |        | xor_ln108_3   | xor       | auto                     | 0       |
|    icmp_ln108_5_fu_14685_p2               |     |        | icmp_ln108_5  | setlt     | auto                     | 0       |
|    xor_ln108_4_fu_14690_p2                |     |        | xor_ln108_4   | xor       | auto                     | 0       |
|    icmp_ln108_6_fu_14704_p2               |     |        | icmp_ln108_6  | setlt     | auto                     | 0       |
|    xor_ln108_5_fu_14709_p2                |     |        | xor_ln108_5   | xor       | auto                     | 0       |
|    icmp_ln108_7_fu_14723_p2               |     |        | icmp_ln108_7  | setlt     | auto                     | 0       |
|    xor_ln108_6_fu_14728_p2                |     |        | xor_ln108_6   | xor       | auto                     | 0       |
|    icmp_ln108_8_fu_14742_p2               |     |        | icmp_ln108_8  | setlt     | auto                     | 0       |
|    xor_ln108_7_fu_14747_p2                |     |        | xor_ln108_7   | xor       | auto                     | 0       |
|    icmp_ln108_9_fu_14761_p2               |     |        | icmp_ln108_9  | setlt     | auto                     | 0       |
|    xor_ln108_8_fu_14766_p2                |     |        | xor_ln108_8   | xor       | auto                     | 0       |
|    icmp_ln108_10_fu_14780_p2              |     |        | icmp_ln108_10 | setlt     | auto                     | 0       |
|    xor_ln108_9_fu_14785_p2                |     |        | xor_ln108_9   | xor       | auto                     | 0       |
|    icmp_ln108_11_fu_14799_p2              |     |        | icmp_ln108_11 | setlt     | auto                     | 0       |
|    xor_ln108_10_fu_14804_p2               |     |        | xor_ln108_10  | xor       | auto                     | 0       |
|    icmp_ln108_12_fu_14818_p2              |     |        | icmp_ln108_12 | setlt     | auto                     | 0       |
|    xor_ln108_11_fu_14823_p2               |     |        | xor_ln108_11  | xor       | auto                     | 0       |
|    icmp_ln108_13_fu_14837_p2              |     |        | icmp_ln108_13 | setlt     | auto                     | 0       |
|    xor_ln108_12_fu_14842_p2               |     |        | xor_ln108_12  | xor       | auto                     | 0       |
|    icmp_ln108_14_fu_14856_p2              |     |        | icmp_ln108_14 | setlt     | auto                     | 0       |
|    xor_ln108_13_fu_14861_p2               |     |        | xor_ln108_13  | xor       | auto                     | 0       |
|    add_ln218_2_fu_14887_p2                |     |        | add_ln218_2   | add       | fabric                   | 0       |
|    add_ln218_3_fu_14897_p2                |     |        | add_ln218_3   | add       | fabric                   | 0       |
|    add_ln218_6_fu_14919_p2                |     |        | add_ln218_6   | add       | fabric                   | 0       |
|    add_ln218_7_fu_14929_p2                |     |        | add_ln218_7   | add       | fabric                   | 0       |
|    add_ln218_8_fu_14939_p2                |     |        | add_ln218_8   | add       | fabric                   | 0       |
|    add_ln218_9_fu_14945_p2                |     |        | add_ln218_9   | add       | fabric                   | 0       |
|    add_ln218_10_fu_14955_p2               |     |        | add_ln218_10  | add       | fabric                   | 0       |
|    add_ln218_11_fu_14965_p2               |     |        | add_ln218_11  | add       | fabric                   | 0       |
|    nf_fu_14516_p2                         |     |        | nf            | add       | fabric                   | 0       |
|    icmp_ln302_fu_14522_p2                 |     |        | icmp_ln302    | seteq     | auto                     | 0       |
|    nf_3_fu_14528_p3                       |     |        | nf_3          | select    | auto_sel                 | 0       |
+-------------------------------------------+-----+--------+---------------+-----------+--------------------------+---------+


================================================================
== Storage Report
================================================================
+-------------------------------------------+--------+------+------+------+--------+-----------------+------+---------+------------------+
| Name                                      | Usage  | Type | BRAM | URAM | Pragma | Variable        | Impl | Latency | Bitwidth, Depth, |
|                                           |        |      |      |      |        |                 |      |         | Banks            |
+-------------------------------------------+--------+------+------+------+--------+-----------------+------+---------+------------------+
| + StreamingDataflowPartition_1_MVAU_hls_0 |        |      | 11   | 0    |        |                 |      |         |                  |
|  + Matrix_Vector_Activate_Stream_Batch    |        |      | 11   | 0    |        |                 |      |         |                  |
|    p_ZL7threshs_0_U                       | rom_1p |      |      |      |        | p_ZL7threshs_0  | auto | 1       | 15, 64, 1        |
|    p_ZL7threshs_1_U                       | rom_1p |      | 1    |      |        | p_ZL7threshs_1  | auto | 1       | 16, 64, 1        |
|    p_ZL7threshs_2_U                       | rom_1p |      |      |      |        | p_ZL7threshs_2  | auto | 1       | 15, 64, 1        |
|    p_ZL7threshs_3_U                       | rom_1p |      |      |      |        | p_ZL7threshs_3  | auto | 1       | 15, 64, 1        |
|    p_ZL7threshs_4_U                       | rom_1p |      |      |      |        | p_ZL7threshs_4  | auto | 1       | 15, 64, 1        |
|    p_ZL7threshs_5_U                       | rom_1p |      | 1    |      |        | p_ZL7threshs_5  | auto | 1       | 16, 64, 1        |
|    p_ZL7threshs_6_U                       | rom_1p |      | 1    |      |        | p_ZL7threshs_6  | auto | 1       | 16, 64, 1        |
|    p_ZL7threshs_7_U                       | rom_1p |      | 1    |      |        | p_ZL7threshs_7  | auto | 1       | 16, 64, 1        |
|    p_ZL7threshs_8_U                       | rom_1p |      | 1    |      |        | p_ZL7threshs_8  | auto | 1       | 16, 64, 1        |
|    p_ZL7threshs_9_U                       | rom_1p |      | 1    |      |        | p_ZL7threshs_9  | auto | 1       | 17, 64, 1        |
|    p_ZL7threshs_10_U                      | rom_1p |      | 1    |      |        | p_ZL7threshs_10 | auto | 1       | 17, 64, 1        |
|    p_ZL7threshs_11_U                      | rom_1p |      | 1    |      |        | p_ZL7threshs_11 | auto | 1       | 17, 64, 1        |
|    p_ZL7threshs_12_U                      | rom_1p |      | 1    |      |        | p_ZL7threshs_12 | auto | 1       | 17, 64, 1        |
|    p_ZL7threshs_13_U                      | rom_1p |      | 1    |      |        | p_ZL7threshs_13 | auto | 1       | 17, 64, 1        |
|    p_ZL7threshs_14_U                      | rom_1p |      | 1    |      |        | p_ZL7threshs_14 | auto | 1       | 17, 64, 1        |
+-------------------------------------------+--------+------+------+------+--------+-----------------+------+---------+------------------+


================================================================
== Pragma Report
================================================================
* Valid Pragma Syntax
+-----------------+---------------------------------------------------+---------------------------------------------------------------------------------------------------------------------------------------------+
| Type            | Options                                           | Location                                                                                                                                    |
+-----------------+---------------------------------------------------+---------------------------------------------------------------------------------------------------------------------------------------------+
| inline          |                                                   | ../../../home/emre/Documents/finn/deps/finn-hlslib/activations.hpp:145 in init                                                              |
| inline          |                                                   | ../../../home/emre/Documents/finn/deps/finn-hlslib/activations.hpp:163 in activate                                                          |
| inline          |                                                   | ../../../home/emre/Documents/finn/deps/finn-hlslib/activations.hpp:180 in thresholdactivation<ta, compare>                                  |
| inline          |                                                   | ../../../home/emre/Documents/finn/deps/finn-hlslib/activations.hpp:185 in activate                                                          |
| inline          |                                                   | ../../../home/emre/Documents/finn/deps/finn-hlslib/activations.hpp:208 in init                                                              |
| inline          |                                                   | ../../../home/emre/Documents/finn/deps/finn-hlslib/activations.hpp:214 in activate                                                          |
| unroll          |                                                   | ../../../home/emre/Documents/finn/deps/finn-hlslib/activations.hpp:217 in activate                                                          |
| inline          |                                                   | ../../../home/emre/Documents/finn/deps/finn-hlslib/activations.hpp:247 in init                                                              |
| inline          |                                                   | ../../../home/emre/Documents/finn/deps/finn-hlslib/activations.hpp:252 in activate                                                          |
| pipeline        | style=flp II=1                                    | ../../../home/emre/Documents/finn/deps/finn-hlslib/activations.hpp:296 in thresholding_batch                                                |
| unroll          |                                                   | ../../../home/emre/Documents/finn/deps/finn-hlslib/activations.hpp:302 in thresholding_batch                                                |
| array_partition | variable=internal_thr.m_thresholds complete dim=0 | ../../../home/emre/Documents/finn/deps/finn-hlslib/activations.hpp:352 in thresholding_stream_batch, internal_thr.m_thresholds              |
| pipeline        | style=flp II=1                                    | ../../../home/emre/Documents/finn/deps/finn-hlslib/activations.hpp:358 in thresholding_stream_batch                                         |
| unroll          |                                                   | ../../../home/emre/Documents/finn/deps/finn-hlslib/activations.hpp:371 in thresholding_stream_batch                                         |
| unroll          |                                                   | ../../../home/emre/Documents/finn/deps/finn-hlslib/activations.hpp:376 in thresholding_stream_batch                                         |
| inline          |                                                   | ../../../home/emre/Documents/finn/deps/finn-hlslib/convlayer.h:113 in convlayer_batch                                                       |
| inline          |                                                   | ../../../home/emre/Documents/finn/deps/finn-hlslib/convlayer.h:198 in convlayer_batch_tmr                                                   |
| inline          |                                                   | ../../../home/emre/Documents/finn/deps/finn-hlslib/convlayer.h:284 in convlayer_batch_mmv                                                   |
| pipeline        | style=flp II=1                                    | ../../../home/emre/Documents/finn/deps/finn-hlslib/dma.h:141 in mem2stream                                                                  |
| pipeline        | style=flp II=1                                    | ../../../home/emre/Documents/finn/deps/finn-hlslib/dma.h:154 in stream2mem                                                                  |
| pipeline        | style=flp II=1                                    | ../../../home/emre/Documents/finn/deps/finn-hlslib/dma.h:224 in genparamstream                                                              |
| inline          |                                                   | ../../../home/emre/Documents/finn/deps/finn-hlslib/interpret.hpp:62 in xnormul                                                              |
| inline          |                                                   | ../../../home/emre/Documents/finn/deps/finn-hlslib/interpret.hpp:67 in operator*                                                            |
| inline          |                                                   | ../../../home/emre/Documents/finn/deps/finn-hlslib/interpret.hpp:72 in operator*                                                            |
| inline          |                                                   | ../../../home/emre/Documents/finn/deps/finn-hlslib/interpret.hpp:80 in binary                                                               |
| inline          |                                                   | ../../../home/emre/Documents/finn/deps/finn-hlslib/interpret.hpp:89 in operator*                                                            |
| inline          |                                                   | ../../../home/emre/Documents/finn/deps/finn-hlslib/interpret.hpp:97 in operator*                                                            |
| inline          |                                                   | ../../../home/emre/Documents/finn/deps/finn-hlslib/interpret.hpp:102 in operator*                                                           |
| inline          |                                                   | ../../../home/emre/Documents/finn/deps/finn-hlslib/interpret.hpp:116 in operator()                                                          |
| inline          |                                                   | ../../../home/emre/Documents/finn/deps/finn-hlslib/interpret.hpp:122 in operator()                                                          |
| inline          |                                                   | ../../../home/emre/Documents/finn/deps/finn-hlslib/interpret.hpp:138 in container<tv>                                                       |
| inline          |                                                   | ../../../home/emre/Documents/finn/deps/finn-hlslib/interpret.hpp:143 in operator[]                                                          |
| inline          |                                                   | ../../../home/emre/Documents/finn/deps/finn-hlslib/interpret.hpp:147 in operator[]                                                          |
| inline          |                                                   | ../../../home/emre/Documents/finn/deps/finn-hlslib/interpret.hpp:151 in operator()                                                          |
| inline          |                                                   | ../../../home/emre/Documents/finn/deps/finn-hlslib/interpret.hpp:155 in operator const type-parameter-1-0 &                                 |
| inline          |                                                   | ../../../home/emre/Documents/finn/deps/finn-hlslib/interpret.hpp:163 in operator()                                                          |
| inline          |                                                   | ../../../home/emre/Documents/finn/deps/finn-hlslib/interpret.hpp:168 in operator()                                                          |
| inline          |                                                   | ../../../home/emre/Documents/finn/deps/finn-hlslib/interpret.hpp:173 in operator()                                                          |
| inline          |                                                   | ../../../home/emre/Documents/finn/deps/finn-hlslib/interpret.hpp:204 in container<tv>                                                       |
| inline          |                                                   | ../../../home/emre/Documents/finn/deps/finn-hlslib/interpret.hpp:207 in container<tv>                                                       |
| inline          |                                                   | ../../../home/emre/Documents/finn/deps/finn-hlslib/interpret.hpp:211 in operator()                                                          |
| inline          |                                                   | ../../../home/emre/Documents/finn/deps/finn-hlslib/interpret.hpp:215 in operator()                                                          |
| inline          |                                                   | ../../../home/emre/Documents/finn/deps/finn-hlslib/interpret.hpp:220 in operator[]                                                          |
| inline          |                                                   | ../../../home/emre/Documents/finn/deps/finn-hlslib/interpret.hpp:224 in operator const type-parameter-1-0 &                                 |
| inline          |                                                   | ../../../home/emre/Documents/finn/deps/finn-hlslib/interpret.hpp:232 in operator()                                                          |
| inline          |                                                   | ../../../home/emre/Documents/finn/deps/finn-hlslib/interpret.hpp:237 in operator()                                                          |
| inline          |                                                   | ../../../home/emre/Documents/finn/deps/finn-hlslib/interpret.hpp:242 in operator()                                                          |
| inline          |                                                   | ../../../home/emre/Documents/finn/deps/finn-hlslib/interpret.hpp:261 in container<tv>                                                       |
| inline          |                                                   | ../../../home/emre/Documents/finn/deps/finn-hlslib/interpret.hpp:264 in container<tv>                                                       |
| inline          |                                                   | ../../../home/emre/Documents/finn/deps/finn-hlslib/interpret.hpp:267 in container<tv>                                                       |
| inline          |                                                   | ../../../home/emre/Documents/finn/deps/finn-hlslib/interpret.hpp:271 in operator const type-parameter-1-0 &                                 |
| inline          |                                                   | ../../../home/emre/Documents/finn/deps/finn-hlslib/interpret.hpp:275 in operator()                                                          |
| inline          |                                                   | ../../../home/emre/Documents/finn/deps/finn-hlslib/interpret.hpp:279 in operator()                                                          |
| inline          |                                                   | ../../../home/emre/Documents/finn/deps/finn-hlslib/interpret.hpp:284 in operator[]                                                          |
| inline          |                                                   | ../../../home/emre/Documents/finn/deps/finn-hlslib/interpret.hpp:292 in operator()                                                          |
| inline          |                                                   | ../../../home/emre/Documents/finn/deps/finn-hlslib/interpret.hpp:297 in operator()                                                          |
| inline          |                                                   | ../../../home/emre/Documents/finn/deps/finn-hlslib/interpret.hpp:302 in operator()                                                          |
| inline          |                                                   | ../../../home/emre/Documents/finn/deps/finn-hlslib/mac.hpp:89 in mul                                                                        |
| inline          |                                                   | ../../../home/emre/Documents/finn/deps/finn-hlslib/mac.hpp:114 in mul                                                                       |
| bind_op         | variable=res op=mul impl=fabric                   | ../../../home/emre/Documents/finn/deps/finn-hlslib/mac.hpp:116 in mul, res                                                                  |
| inline          |                                                   | ../../../home/emre/Documents/finn/deps/finn-hlslib/mac.hpp:140 in mul                                                                       |
| bind_op         | variable=res op=mul impl=dsp                      | ../../../home/emre/Documents/finn/deps/finn-hlslib/mac.hpp:142 in mul, res                                                                  |
| inline          |                                                   | ../../../home/emre/Documents/finn/deps/finn-hlslib/mac.hpp:165 in mac                                                                       |
| unroll          |                                                   | ../../../home/emre/Documents/finn/deps/finn-hlslib/mac.hpp:168 in mac                                                                       |
| inline          |                                                   | ../../../home/emre/Documents/finn/deps/finn-hlslib/mac.hpp:192 in mac                                                                       |
| unroll          |                                                   | ../../../home/emre/Documents/finn/deps/finn-hlslib/mac.hpp:195 in mac                                                                       |
| inline          |                                                   | ../../../home/emre/Documents/finn/deps/finn-hlslib/mac.hpp:202 in mac                                                                       |
| unroll          |                                                   | ../../../home/emre/Documents/finn/deps/finn-hlslib/maxpool.h:74 in streamingmaxpool                                                         |
| pipeline        | style=flp II=1                                    | ../../../home/emre/Documents/finn/deps/finn-hlslib/maxpool.h:83 in streamingmaxpool                                                         |
| pipeline        | style=flp II=1                                    | ../../../home/emre/Documents/finn/deps/finn-hlslib/maxpool.h:91 in streamingmaxpool                                                         |
| array_partition | variable=buf complete dim=2                       | ../../../home/emre/Documents/finn/deps/finn-hlslib/maxpool.h:146 in streamingmaxpool_precision, buf                                         |
| unroll          |                                                   | ../../../home/emre/Documents/finn/deps/finn-hlslib/maxpool.h:149 in streamingmaxpool_precision                                              |
| pipeline        | style=flp II=1                                    | ../../../home/emre/Documents/finn/deps/finn-hlslib/maxpool.h:159 in streamingmaxpool_precision                                              |
| unroll          |                                                   | ../../../home/emre/Documents/finn/deps/finn-hlslib/maxpool.h:162 in streamingmaxpool_precision                                              |
| unroll          |                                                   | ../../../home/emre/Documents/finn/deps/finn-hlslib/maxpool.h:176 in streamingmaxpool_precision                                              |
| inline          |                                                   | ../../../home/emre/Documents/finn/deps/finn-hlslib/maxpool.h:210 in streamingmaxpool_precision_batch                                        |
| array_partition | variable=buf complete dim=2                       | ../../../home/emre/Documents/finn/deps/finn-hlslib/maxpool.h:255 in streamingmaxpool_precision_1d, buf                                      |
| pipeline        | style=flp II=1                                    | ../../../home/emre/Documents/finn/deps/finn-hlslib/maxpool.h:258 in streamingmaxpool_precision_1d                                           |
| unroll          |                                                   | ../../../home/emre/Documents/finn/deps/finn-hlslib/maxpool.h:260 in streamingmaxpool_precision_1d                                           |
| pipeline        | style=flp II=1                                    | ../../../home/emre/Documents/finn/deps/finn-hlslib/maxpool.h:272 in streamingmaxpool_precision_1d                                           |
| unroll          |                                                   | ../../../home/emre/Documents/finn/deps/finn-hlslib/maxpool.h:275 in streamingmaxpool_precision_1d                                           |
| pipeline        | style=flp II=1                                    | ../../../home/emre/Documents/finn/deps/finn-hlslib/maxpool.h:288 in streamingmaxpool_precision_1d                                           |
| unroll          |                                                   | ../../../home/emre/Documents/finn/deps/finn-hlslib/maxpool.h:290 in streamingmaxpool_precision_1d                                           |
| pipeline        | style=flp II=1                                    | ../../../home/emre/Documents/finn/deps/finn-hlslib/maxpool.h:302 in streamingmaxpool_precision_1d                                           |
| inline          |                                                   | ../../../home/emre/Documents/finn/deps/finn-hlslib/maxpool.h:331 in streamingmaxpool_precision_batch_1d                                     |
| pipeline        | style=flp II=1                                    | ../../../home/emre/Documents/finn/deps/finn-hlslib/maxpool.h:370 in relu_batch                                                              |
| unroll          |                                                   | ../../../home/emre/Documents/finn/deps/finn-hlslib/maxpool.h:373 in relu_batch                                                              |
| bind_storage    | variable=accumulators type=RAM_2P impl=LUTRAM     | ../../../home/emre/Documents/finn/deps/finn-hlslib/maxpool.h:415 in accpool_batch, accumulators                                             |
| pipeline        | style=flp II=1                                    | ../../../home/emre/Documents/finn/deps/finn-hlslib/maxpool.h:421 in accpool_batch                                                           |
| unroll          |                                                   | ../../../home/emre/Documents/finn/deps/finn-hlslib/maxpool.h:425 in accpool_batch                                                           |
| array_partition | variable=topval complete dim=1                    | ../../../home/emre/Documents/finn/deps/finn-hlslib/maxpool.h:477 in labelselect_batch, topval                                               |
| array_partition | variable=toplabels complete dim=1                 | ../../../home/emre/Documents/finn/deps/finn-hlslib/maxpool.h:479 in labelselect_batch, toplabels                                            |
| unroll          |                                                   | ../../../home/emre/Documents/finn/deps/finn-hlslib/maxpool.h:484 in labelselect_batch                                                       |
| pipeline        | style=flp II=1                                    | ../../../home/emre/Documents/finn/deps/finn-hlslib/maxpool.h:489 in labelselect_batch                                                       |
| unroll          |                                                   | ../../../home/emre/Documents/finn/deps/finn-hlslib/maxpool.h:492 in labelselect_batch                                                       |
| unroll          |                                                   | ../../../home/emre/Documents/finn/deps/finn-hlslib/maxpool.h:501 in labelselect_batch                                                       |
| unroll          |                                                   | ../../../home/emre/Documents/finn/deps/finn-hlslib/maxpool.h:508 in labelselect_batch                                                       |
| array_partition | variable=accu complete dim=0                      | ../../../home/emre/Documents/finn/deps/finn-hlslib/maxpool.h:570 in pool_batch, accu                                                        |
| pipeline        | style=flp II=1                                    | ../../../home/emre/Documents/finn/deps/finn-hlslib/maxpool.h:576 in pool_batch                                                              |
| unroll          |                                                   | ../../../home/emre/Documents/finn/deps/finn-hlslib/maxpool.h:583 in pool_batch                                                              |
| unroll          |                                                   | ../../../home/emre/Documents/finn/deps/finn-hlslib/maxpool.h:590 in pool_batch                                                              |
| unroll          |                                                   | ../../../home/emre/Documents/finn/deps/finn-hlslib/maxpool.h:599 in pool_batch                                                              |
| inline          |                                                   | ../../../home/emre/Documents/finn/deps/finn-hlslib/mmv.hpp:53 in operator[]                                                                 |
| array_partition | variable=inputBuf complete dim=0                  | ../../../home/emre/Documents/finn/deps/finn-hlslib/mvau.hpp:110 in matrix_vector_activate_batch, inputBuf                                   |
| array_partition | variable=accu complete dim=0                      | ../../../home/emre/Documents/finn/deps/finn-hlslib/mvau.hpp:114 in matrix_vector_activate_batch, accu                                       |
| pipeline        | style=flp II=1                                    | ../../../home/emre/Documents/finn/deps/finn-hlslib/mvau.hpp:124 in matrix_vector_activate_batch                                             |
| unroll          |                                                   | ../../../home/emre/Documents/finn/deps/finn-hlslib/mvau.hpp:140 in matrix_vector_activate_batch                                             |
| unroll          |                                                   | ../../../home/emre/Documents/finn/deps/finn-hlslib/mvau.hpp:142 in matrix_vector_activate_batch                                             |
| unroll          |                                                   | ../../../home/emre/Documents/finn/deps/finn-hlslib/mvau.hpp:151 in matrix_vector_activate_batch                                             |
| unroll          |                                                   | ../../../home/emre/Documents/finn/deps/finn-hlslib/mvau.hpp:165 in matrix_vector_activate_batch                                             |
| unroll          |                                                   | ../../../home/emre/Documents/finn/deps/finn-hlslib/mvau.hpp:167 in matrix_vector_activate_batch                                             |
| array_partition | variable=inputBuf complete dim=1                  | ../../../home/emre/Documents/finn/deps/finn-hlslib/mvau.hpp:232 in matrix_vector_activate_stream_batch, inputBuf                            |
| array_partition | variable=accu complete dim=0                      | ../../../home/emre/Documents/finn/deps/finn-hlslib/mvau.hpp:235 in matrix_vector_activate_stream_batch, accu                                |
| array_partition | variable=w.m_weights complete dim=0               | ../../../home/emre/Documents/finn/deps/finn-hlslib/mvau.hpp:238 in matrix_vector_activate_stream_batch, w.m_weights                         |
| pipeline        | style=flp II=1                                    | ../../../home/emre/Documents/finn/deps/finn-hlslib/mvau.hpp:250 in matrix_vector_activate_stream_batch                                      |
| unroll          |                                                   | ../../../home/emre/Documents/finn/deps/finn-hlslib/mvau.hpp:267 in matrix_vector_activate_stream_batch                                      |
| unroll          |                                                   | ../../../home/emre/Documents/finn/deps/finn-hlslib/mvau.hpp:274 in matrix_vector_activate_stream_batch                                      |
| unroll          |                                                   | ../../../home/emre/Documents/finn/deps/finn-hlslib/mvau.hpp:281 in matrix_vector_activate_stream_batch                                      |
| unroll          |                                                   | ../../../home/emre/Documents/finn/deps/finn-hlslib/mvau.hpp:294 in matrix_vector_activate_stream_batch                                      |
| bind_storage    | variable=inputBuf type=RAM_2P                     | ../../../home/emre/Documents/finn/deps/finn-hlslib/slidingwindow.h:74 in memory_resource, inputBuf                                          |
| bind_storage    | variable=inputBuf type=RAM_S2P impl=BRAM          | ../../../home/emre/Documents/finn/deps/finn-hlslib/slidingwindow.h:95 in memory_resource, inputBuf                                          |
| bind_storage    | variable=inputBuf type=RAM_S2P impl=URAM          | ../../../home/emre/Documents/finn/deps/finn-hlslib/slidingwindow.h:116 in memory_resource, inputBuf                                         |
| bind_storage    | variable=inputBuf type=RAM_S2P impl=LUTRAM        | ../../../home/emre/Documents/finn/deps/finn-hlslib/slidingwindow.h:137 in memory_resource, inputBuf                                         |
| array_partition | variable=inputBuf complete dim=1                  | ../../../home/emre/Documents/finn/deps/finn-hlslib/slidingwindow.h:177 in convolutioninputgenerator, inputBuf                               |
| pipeline        | style=flp II=1                                    | ../../../home/emre/Documents/finn/deps/finn-hlslib/slidingwindow.h:192 in convolutioninputgenerator                                         |
| dependence      | variable=inputBuf intra false                     | ../../../home/emre/Documents/finn/deps/finn-hlslib/slidingwindow.h:243 in convolutioninputgenerator, inputBuf                               |
| dependence      | variable=inputBuf inter false                     | ../../../home/emre/Documents/finn/deps/finn-hlslib/slidingwindow.h:244 in convolutioninputgenerator, inputBuf                               |
| dependence      | variable=current_block_write intra false          | ../../../home/emre/Documents/finn/deps/finn-hlslib/slidingwindow.h:254 in convolutioninputgenerator, current_block_write                    |
| dependence      | variable=inputBuf inter false                     | ../../../home/emre/Documents/finn/deps/finn-hlslib/slidingwindow.h:308 in convolutioninputgenerator_mmv, inputBuf                           |
| dependence      | variable=inputBuf intra false                     | ../../../home/emre/Documents/finn/deps/finn-hlslib/slidingwindow.h:309 in convolutioninputgenerator_mmv, inputBuf                           |
| array_partition | variable=inputBuf complete dim=1                  | ../../../home/emre/Documents/finn/deps/finn-hlslib/slidingwindow.h:310 in convolutioninputgenerator_mmv, inputBuf                           |
| array_partition | variable=inputBuf complete dim=2                  | ../../../home/emre/Documents/finn/deps/finn-hlslib/slidingwindow.h:311 in convolutioninputgenerator_mmv, inputBuf                           |
| pipeline        | style=flp II=1                                    | ../../../home/emre/Documents/finn/deps/finn-hlslib/slidingwindow.h:326 in convolutioninputgenerator_mmv                                     |
| unroll          |                                                   | ../../../home/emre/Documents/finn/deps/finn-hlslib/slidingwindow.h:333 in convolutioninputgenerator_mmv                                     |
| unroll          |                                                   | ../../../home/emre/Documents/finn/deps/finn-hlslib/slidingwindow.h:359 in convolutioninputgenerator_mmv                                     |
| unroll          |                                                   | ../../../home/emre/Documents/finn/deps/finn-hlslib/slidingwindow.h:392 in convolutioninputgenerator_mmv                                     |
| dependence      | variable=inputBuf intra false                     | ../../../home/emre/Documents/finn/deps/finn-hlslib/slidingwindow.h:394 in convolutioninputgenerator_mmv, inputBuf                           |
| dependence      | variable=inputBuf inter false                     | ../../../home/emre/Documents/finn/deps/finn-hlslib/slidingwindow.h:395 in convolutioninputgenerator_mmv, inputBuf                           |
| dependence      | variable=current_block_write intra false          | ../../../home/emre/Documents/finn/deps/finn-hlslib/slidingwindow.h:406 in convolutioninputgenerator_mmv, current_block_write                |
| array_partition | variable=inputBuf complete dim=1                  | ../../../home/emre/Documents/finn/deps/finn-hlslib/slidingwindow.h:466 in convolutioninputgenerator_kernel_stride, inputBuf                 |
| dependence      | variable=inputBuf inter false                     | ../../../home/emre/Documents/finn/deps/finn-hlslib/slidingwindow.h:467 in convolutioninputgenerator_kernel_stride, inputBuf                 |
| dependence      | variable=inputBuf intra false                     | ../../../home/emre/Documents/finn/deps/finn-hlslib/slidingwindow.h:468 in convolutioninputgenerator_kernel_stride, inputBuf                 |
| dependence      | variable=current_block_write intra false          | ../../../home/emre/Documents/finn/deps/finn-hlslib/slidingwindow.h:476 in convolutioninputgenerator_kernel_stride, current_block_write      |
| pipeline        | style=flp II=1                                    | ../../../home/emre/Documents/finn/deps/finn-hlslib/slidingwindow.h:479 in convolutioninputgenerator_kernel_stride                           |
| dependence      | variable=inputBuf inter false                     | ../../../home/emre/Documents/finn/deps/finn-hlslib/slidingwindow.h:544 in convolutioninputgenerator_kernel_stride, inputBuf                 |
| dependence      | variable=inputBuf intra false                     | ../../../home/emre/Documents/finn/deps/finn-hlslib/slidingwindow.h:545 in convolutioninputgenerator_kernel_stride, inputBuf                 |
| dependence      | variable=current_block_write intra false          | ../../../home/emre/Documents/finn/deps/finn-hlslib/slidingwindow.h:554 in convolutioninputgenerator_kernel_stride, current_block_write      |
| dependence      | variable=inputBuf inter false                     | ../../../home/emre/Documents/finn/deps/finn-hlslib/slidingwindow.h:610 in convolutioninputgenerator_kernel_stride_mmv, inputBuf             |
| dependence      | variable=inputBuf intra false                     | ../../../home/emre/Documents/finn/deps/finn-hlslib/slidingwindow.h:611 in convolutioninputgenerator_kernel_stride_mmv, inputBuf             |
| array_partition | variable=inputBuf complete dim=1                  | ../../../home/emre/Documents/finn/deps/finn-hlslib/slidingwindow.h:612 in convolutioninputgenerator_kernel_stride_mmv, inputBuf             |
| array_partition | variable=inputBuf complete dim=2                  | ../../../home/emre/Documents/finn/deps/finn-hlslib/slidingwindow.h:613 in convolutioninputgenerator_kernel_stride_mmv, inputBuf             |
| dependence      | variable=current_block_write intra false          | ../../../home/emre/Documents/finn/deps/finn-hlslib/slidingwindow.h:628 in convolutioninputgenerator_kernel_stride_mmv, current_block_write  |
| pipeline        | style=flp II=1                                    | ../../../home/emre/Documents/finn/deps/finn-hlslib/slidingwindow.h:631 in convolutioninputgenerator_kernel_stride_mmv                       |
| unroll          |                                                   | ../../../home/emre/Documents/finn/deps/finn-hlslib/slidingwindow.h:638 in convolutioninputgenerator_kernel_stride_mmv                       |
| unroll          |                                                   | ../../../home/emre/Documents/finn/deps/finn-hlslib/slidingwindow.h:672 in convolutioninputgenerator_kernel_stride_mmv                       |
| unroll          |                                                   | ../../../home/emre/Documents/finn/deps/finn-hlslib/slidingwindow.h:705 in convolutioninputgenerator_kernel_stride_mmv                       |
| dependence      | variable=current_block_write intra false          | ../../../home/emre/Documents/finn/deps/finn-hlslib/slidingwindow.h:716 in convolutioninputgenerator_kernel_stride_mmv, current_block_write  |
| array_partition | variable=inputBuf complete dim=1                  | ../../../home/emre/Documents/finn/deps/finn-hlslib/slidingwindow.h:767 in convolutioninputgenerator_dws, inputBuf                           |
| pipeline        | style=flp II=1                                    | ../../../home/emre/Documents/finn/deps/finn-hlslib/slidingwindow.h:782 in convolutioninputgenerator_dws                                     |
| dependence      | variable=inputBuf intra false                     | ../../../home/emre/Documents/finn/deps/finn-hlslib/slidingwindow.h:833 in convolutioninputgenerator_dws, inputBuf                           |
| dependence      | variable=inputBuf inter false                     | ../../../home/emre/Documents/finn/deps/finn-hlslib/slidingwindow.h:834 in convolutioninputgenerator_dws, inputBuf                           |
| dependence      | variable=current_block_write intra false          | ../../../home/emre/Documents/finn/deps/finn-hlslib/slidingwindow.h:844 in convolutioninputgenerator_dws, current_block_write                |
| array_partition | variable=inputBuf complete dim=1                  | ../../../home/emre/Documents/finn/deps/finn-hlslib/slidingwindow.h:903 in convolutioninputgenerator_kernel_stride_dws, inputBuf             |
| dependence      | variable=inputBuf inter false                     | ../../../home/emre/Documents/finn/deps/finn-hlslib/slidingwindow.h:904 in convolutioninputgenerator_kernel_stride_dws, inputBuf             |
| dependence      | variable=inputBuf intra false                     | ../../../home/emre/Documents/finn/deps/finn-hlslib/slidingwindow.h:905 in convolutioninputgenerator_kernel_stride_dws, inputBuf             |
| pipeline        | style=flp II=1                                    | ../../../home/emre/Documents/finn/deps/finn-hlslib/slidingwindow.h:915 in convolutioninputgenerator_kernel_stride_dws                       |
| dependence      | variable=current_block_write intra false          | ../../../home/emre/Documents/finn/deps/finn-hlslib/slidingwindow.h:917 in convolutioninputgenerator_kernel_stride_dws, current_block_write  |
| dependence      | variable=inputBuf inter false                     | ../../../home/emre/Documents/finn/deps/finn-hlslib/slidingwindow.h:983 in convolutioninputgenerator_kernel_stride_dws, inputBuf             |
| dependence      | variable=inputBuf intra false                     | ../../../home/emre/Documents/finn/deps/finn-hlslib/slidingwindow.h:984 in convolutioninputgenerator_kernel_stride_dws, inputBuf             |
| dependence      | variable=current_block_write intra false          | ../../../home/emre/Documents/finn/deps/finn-hlslib/slidingwindow.h:993 in convolutioninputgenerator_kernel_stride_dws, current_block_write  |
| dependence      | variable=inputBuf inter false                     | ../../../home/emre/Documents/finn/deps/finn-hlslib/slidingwindow.h:1048 in convolutioninputgenerator_dws_mmv, inputBuf                      |
| dependence      | variable=inputBuf intra false                     | ../../../home/emre/Documents/finn/deps/finn-hlslib/slidingwindow.h:1049 in convolutioninputgenerator_dws_mmv, inputBuf                      |
| array_partition | variable=inputBuf complete dim=1                  | ../../../home/emre/Documents/finn/deps/finn-hlslib/slidingwindow.h:1050 in convolutioninputgenerator_dws_mmv, inputBuf                      |
| array_partition | variable=inputBuf complete dim=2                  | ../../../home/emre/Documents/finn/deps/finn-hlslib/slidingwindow.h:1051 in convolutioninputgenerator_dws_mmv, inputBuf                      |
| pipeline        | style=flp II=1                                    | ../../../home/emre/Documents/finn/deps/finn-hlslib/slidingwindow.h:1066 in convolutioninputgenerator_dws_mmv                                |
| unroll          |                                                   | ../../../home/emre/Documents/finn/deps/finn-hlslib/slidingwindow.h:1073 in convolutioninputgenerator_dws_mmv                                |
| unroll          |                                                   | ../../../home/emre/Documents/finn/deps/finn-hlslib/slidingwindow.h:1099 in convolutioninputgenerator_dws_mmv                                |
| unroll          |                                                   | ../../../home/emre/Documents/finn/deps/finn-hlslib/slidingwindow.h:1132 in convolutioninputgenerator_dws_mmv                                |
| dependence      | variable=inputBuf intra false                     | ../../../home/emre/Documents/finn/deps/finn-hlslib/slidingwindow.h:1134 in convolutioninputgenerator_dws_mmv, inputBuf                      |
| dependence      | variable=inputBuf inter false                     | ../../../home/emre/Documents/finn/deps/finn-hlslib/slidingwindow.h:1135 in convolutioninputgenerator_dws_mmv, inputBuf                      |
| dependence      | variable=current_block_write intra false          | ../../../home/emre/Documents/finn/deps/finn-hlslib/slidingwindow.h:1146 in convolutioninputgenerator_dws_mmv, current_block_write           |
| performance     | target_ti=IFMDim*IFMDim*IFMChannels/SIMD          | ../../../home/emre/Documents/finn/deps/finn-hlslib/slidingwindow.h:1191 in convolutioninputgenerator_2d_kernel1                             |
| pipeline        | style=flp II=IFMChannels/SIMD                     | ../../../home/emre/Documents/finn/deps/finn-hlslib/slidingwindow.h:1198 in convolutioninputgenerator_2d_kernel1                             |
| pipeline        | style=flp II=1                                    | ../../../home/emre/Documents/finn/deps/finn-hlslib/slidingwindow.h:1245 in convolutioninputgenerator_1d_kernel1                             |
| array_partition | variable=inputBuf complete dim=1                  | ../../../home/emre/Documents/finn/deps/finn-hlslib/slidingwindow.h:1300 in convolutioninputgenerator_nonsquare, inputBuf                    |
| pipeline        | style=flp II=1                                    | ../../../home/emre/Documents/finn/deps/finn-hlslib/slidingwindow.h:1315 in convolutioninputgenerator_nonsquare                              |
| dependence      | variable=inputBuf intra false                     | ../../../home/emre/Documents/finn/deps/finn-hlslib/slidingwindow.h:1366 in convolutioninputgenerator_nonsquare, inputBuf                    |
| dependence      | variable=inputBuf inter false                     | ../../../home/emre/Documents/finn/deps/finn-hlslib/slidingwindow.h:1367 in convolutioninputgenerator_nonsquare, inputBuf                    |
| dependence      | variable=current_block_write intra false          | ../../../home/emre/Documents/finn/deps/finn-hlslib/slidingwindow.h:1377 in convolutioninputgenerator_nonsquare, current_block_write         |
| array_partition | variable=inputBuf complete dim=1                  | ../../../home/emre/Documents/finn/deps/finn-hlslib/slidingwindow.h:1434 in convolutioninputgenerator_nonsquare_dws, inputBuf                |
| pipeline        | style=flp II=1                                    | ../../../home/emre/Documents/finn/deps/finn-hlslib/slidingwindow.h:1449 in convolutioninputgenerator_nonsquare_dws                          |
| dependence      | variable=inputBuf intra false                     | ../../../home/emre/Documents/finn/deps/finn-hlslib/slidingwindow.h:1500 in convolutioninputgenerator_nonsquare_dws, inputBuf                |
| dependence      | variable=inputBuf inter false                     | ../../../home/emre/Documents/finn/deps/finn-hlslib/slidingwindow.h:1501 in convolutioninputgenerator_nonsquare_dws, inputBuf                |
| dependence      | variable=current_block_write intra false          | ../../../home/emre/Documents/finn/deps/finn-hlslib/slidingwindow.h:1511 in convolutioninputgenerator_nonsquare_dws, current_block_write     |
| array_partition | variable=inputBuf complete dim=1                  | ../../../home/emre/Documents/finn/deps/finn-hlslib/slidingwindow.h:1575 in convolutioninputgenerator_nonsquare_dilated, inputBuf            |
| pipeline        | style=flp II=1                                    | ../../../home/emre/Documents/finn/deps/finn-hlslib/slidingwindow.h:1590 in convolutioninputgenerator_nonsquare_dilated                      |
| dependence      | variable=inputBuf intra false                     | ../../../home/emre/Documents/finn/deps/finn-hlslib/slidingwindow.h:1642 in convolutioninputgenerator_nonsquare_dilated, inputBuf            |
| dependence      | variable=inputBuf inter false                     | ../../../home/emre/Documents/finn/deps/finn-hlslib/slidingwindow.h:1643 in convolutioninputgenerator_nonsquare_dilated, inputBuf            |
| dependence      | variable=current_block_write intra false          | ../../../home/emre/Documents/finn/deps/finn-hlslib/slidingwindow.h:1653 in convolutioninputgenerator_nonsquare_dilated, current_block_write |
| array_partition | variable=inputBuf complete                        | ../../../home/emre/Documents/finn/deps/finn-hlslib/slidingwindow.h:1710 in convolutioninputgenerator_1d_parallel, inputBuf                  |
| pipeline        | style=flp II=1                                    | ../../../home/emre/Documents/finn/deps/finn-hlslib/slidingwindow.h:1718 in convolutioninputgenerator_1d_parallel                            |
| unroll          |                                                   | ../../../home/emre/Documents/finn/deps/finn-hlslib/slidingwindow.h:1739 in convolutioninputgenerator_1d_parallel                            |
| dependence      | variable=inputBuf intra false                     | ../../../home/emre/Documents/finn/deps/finn-hlslib/slidingwindow.h:1760 in convolutioninputgenerator_1d_parallel, inputBuf                  |
| dependence      | variable=inputBuf inter false                     | ../../../home/emre/Documents/finn/deps/finn-hlslib/slidingwindow.h:1761 in convolutioninputgenerator_1d_parallel, inputBuf                  |
| dependence      | variable=current_block_write intra false          | ../../../home/emre/Documents/finn/deps/finn-hlslib/slidingwindow.h:1768 in convolutioninputgenerator_1d_parallel, current_block_write       |
| pipeline        | style=flp II=1                                    | ../../../home/emre/Documents/finn/deps/finn-hlslib/slidingwindow.h:1824 in convolutioninputgenerator_1d_dws_naive                           |
| pipeline        | style=flp II=1                                    | ../../../home/emre/Documents/finn/deps/finn-hlslib/slidingwindow.h:1908 in convolutioninputgenerator_1d                                     |
| pipeline        | style=flp II=1                                    | ../../../home/emre/Documents/finn/deps/finn-hlslib/slidingwindow.h:1984 in convolutioninputgenerator_1d_dws                                 |
| pipeline        | style=flp II=1                                    | ../../../home/emre/Documents/finn/deps/finn-hlslib/slidingwindow.h:2063 in convolutioninputgenerator_1d_dws_stride                          |
| pipeline        | style=flp II=1                                    | ../../../home/emre/Documents/finn/deps/finn-hlslib/streamtools.h:77 in streamlimiter                                                        |
| pipeline        | style=flp II=1                                    | ../../../home/emre/Documents/finn/deps/finn-hlslib/streamtools.h:160 in sameresize                                                          |
| pipeline        | style=flp II=1                                    | ../../../home/emre/Documents/finn/deps/finn-hlslib/streamtools.h:234 in streamingcast                                                       |
| pipeline        | style=flp II=1                                    | ../../../home/emre/Documents/finn/deps/finn-hlslib/streamtools.h:280 in fmpadding_nonsquare                                                 |
| inline          |                                                   | ../../../home/emre/Documents/finn/deps/finn-hlslib/streamtools.h:374 in fmpadding                                                           |
| pipeline        | II=1 style=flp                                    | ../../../home/emre/Documents/finn/deps/finn-hlslib/streamtools.h:457 in fmpadding_pixel_nonsquare                                           |
| pipeline        | style=flp II=1                                    | ../../../home/emre/Documents/finn/deps/finn-hlslib/streamtools.h:527 in streamingdatawidthconverter_batch                                   |
| pipeline        | style=flp II=1                                    | ../../../home/emre/Documents/finn/deps/finn-hlslib/streamtools.h:547 in streamingdatawidthconverter_batch                                   |
| pipeline        | style=flp II=1                                    | ../../../home/emre/Documents/finn/deps/finn-hlslib/streamtools.h:558 in streamingdatawidthconverter_batch                                   |
| pipeline        | style=flp II=1                                    | ../../../home/emre/Documents/finn/deps/finn-hlslib/streamtools.h:667 in duplicatestreams                                                    |
| pipeline        | style=flp II=1                                    | ../../../home/emre/Documents/finn/deps/finn-hlslib/streamtools.h:725 in addstreams                                                          |
| unroll          |                                                   | ../../../home/emre/Documents/finn/deps/finn-hlslib/streamtools.h:730 in addstreams                                                          |
| inline          |                                                   | ../../../home/emre/Documents/finn/deps/finn-hlslib/streamtools.h:799 in addstreamslayer_batch                                               |
| pipeline        | style=flp II=1                                    | ../../../home/emre/Documents/finn/deps/finn-hlslib/streamtools.h:846 in multichandatawidthconverter_batch                                   |
| unroll          |                                                   | ../../../home/emre/Documents/finn/deps/finn-hlslib/streamtools.h:853 in multichandatawidthconverter_batch                                   |
| pipeline        | style=flp II=1                                    | ../../../home/emre/Documents/finn/deps/finn-hlslib/streamtools.h:869 in multichandatawidthconverter_batch                                   |
| unroll          |                                                   | ../../../home/emre/Documents/finn/deps/finn-hlslib/streamtools.h:875 in multichandatawidthconverter_batch                                   |
| pipeline        | style=flp II=1                                    | ../../../home/emre/Documents/finn/deps/finn-hlslib/streamtools.h:887 in multichandatawidthconverter_batch                                   |
| unroll          |                                                   | ../../../home/emre/Documents/finn/deps/finn-hlslib/streamtools.h:891 in multichandatawidthconverter_batch                                   |
| pipeline        | style=flp II=1                                    | ../../../home/emre/Documents/finn/deps/finn-hlslib/streamtools.h:927 in flattenmultichandata                                                |
| unroll          |                                                   | ../../../home/emre/Documents/finn/deps/finn-hlslib/streamtools.h:931 in flattenmultichandata                                                |
| pipeline        | style=flp II=1                                    | ../../../home/emre/Documents/finn/deps/finn-hlslib/streamtools.h:958 in packmultichandata                                                   |
| unroll          |                                                   | ../../../home/emre/Documents/finn/deps/finn-hlslib/streamtools.h:962 in packmultichandata                                                   |
| pipeline        | style=flp II=1                                    | ../../../home/emre/Documents/finn/deps/finn-hlslib/streamtools.h:1051 in qdma2stream_batch                                                  |
| pipeline        | style=flp II=1                                    | ../../../home/emre/Documents/finn/deps/finn-hlslib/streamtools.h:1074 in stream2qdma_batch                                                  |
| array_partition | variable=red_ch_index complete dim=0              | ../../../home/emre/Documents/finn/deps/finn-hlslib/tmrcheck.hpp:82 in tmrcheck, red_ch_index                                                |
| pipeline        | style=flp II=1                                    | ../../../home/emre/Documents/finn/deps/finn-hlslib/tmrcheck.hpp:91 in tmrcheck                                                              |
| array_partition | variable=numerrors complete dim=0                 | ../../../home/emre/Documents/finn/deps/finn-hlslib/tmrcheck.hpp:99 in tmrcheck, numerrors                                                   |
| unroll          |                                                   | ../../../home/emre/Documents/finn/deps/finn-hlslib/tmrcheck.hpp:103 in tmrcheck                                                             |
| array_partition | variable=compute complete dim=0                   | ../../../home/emre/Documents/finn/deps/finn-hlslib/tmrcheck.hpp:129 in tmrcheck, compute                                                    |
| unroll          |                                                   | ../../../home/emre/Documents/finn/deps/finn-hlslib/tmrcheck.hpp:132 in tmrcheck                                                             |
| pipeline        | style=flp II=1                                    | ../../../home/emre/Documents/finn/deps/finn-hlslib/upsample.hpp:86 in upsamplenearestneighbour                                              |
| pipeline        | II=1 style=flp                                    | ../../../home/emre/Documents/finn/deps/finn-hlslib/upsample.hpp:175 in upsamplenearestneighbour_1d                                          |
| array_partition | variable=accu complete dim=0                      | ../../../home/emre/Documents/finn/deps/finn-hlslib/vvau.hpp:101 in vector_vector_activate_batch, accu                                       |
| pipeline        | style=flp II=1                                    | ../../../home/emre/Documents/finn/deps/finn-hlslib/vvau.hpp:110 in vector_vector_activate_batch                                             |
| unroll          |                                                   | ../../../home/emre/Documents/finn/deps/finn-hlslib/vvau.hpp:117 in vector_vector_activate_batch                                             |
| unroll          |                                                   | ../../../home/emre/Documents/finn/deps/finn-hlslib/vvau.hpp:126 in vector_vector_activate_batch                                             |
| unroll          |                                                   | ../../../home/emre/Documents/finn/deps/finn-hlslib/vvau.hpp:147 in vector_vector_activate_batch                                             |
| unroll          |                                                   | ../../../home/emre/Documents/finn/deps/finn-hlslib/vvau.hpp:149 in vector_vector_activate_batch                                             |
| array_partition | variable=accu complete dim=0                      | ../../../home/emre/Documents/finn/deps/finn-hlslib/vvau.hpp:216 in vector_vector_activate_stream_batch, accu                                |
| pipeline        | style=flp II=1                                    | ../../../home/emre/Documents/finn/deps/finn-hlslib/vvau.hpp:226 in vector_vector_activate_stream_batch                                      |
| unroll          |                                                   | ../../../home/emre/Documents/finn/deps/finn-hlslib/vvau.hpp:233 in vector_vector_activate_stream_batch                                      |
| array_partition | variable=w.m_weights complete dim=0               | ../../../home/emre/Documents/finn/deps/finn-hlslib/vvau.hpp:242 in vector_vector_activate_stream_batch, w.m_weights                         |
| unroll          |                                                   | ../../../home/emre/Documents/finn/deps/finn-hlslib/vvau.hpp:244 in vector_vector_activate_stream_batch                                      |
| unroll          |                                                   | ../../../home/emre/Documents/finn/deps/finn-hlslib/vvau.hpp:249 in vector_vector_activate_stream_batch                                      |
| unroll          |                                                   | ../../../home/emre/Documents/finn/deps/finn-hlslib/vvau.hpp:270 in vector_vector_activate_stream_batch                                      |
| unroll          |                                                   | ../../../home/emre/Documents/finn/deps/finn-hlslib/vvau.hpp:272 in vector_vector_activate_stream_batch                                      |
| inline          |                                                   | ../../../home/emre/Documents/finn/deps/finn-hlslib/weights.hpp:83 in tileindex                                                              |
| inline          |                                                   | ../../../home/emre/Documents/finn/deps/finn-hlslib/weights.hpp:88 in operator[]                                                             |
| inline          |                                                   | ../../../home/emre/Documents/finn/deps/finn-hlslib/weights.hpp:95 in weights                                                                |
| inline          |                                                   | ../../../home/emre/Documents/finn/deps/finn-hlslib/weights.hpp:127 in tileindex                                                             |
| inline          |                                                   | ../../../home/emre/Documents/finn/deps/finn-hlslib/weights.hpp:132 in operator[]                                                            |
| unroll          |                                                   | ../../../home/emre/Documents/finn/deps/finn-hlslib/weights.hpp:135 in operator[]                                                            |
| inline          |                                                   | ../../../home/emre/Documents/finn/deps/finn-hlslib/weights.hpp:145 in weights                                                               |
| inline          |                                                   | ../../../home/emre/Documents/finn/deps/finn-hlslib/weights.hpp:157 in operator[]                                                            |
| unroll          |                                                   | ../../../home/emre/Documents/finn/deps/finn-hlslib/weights.hpp:160 in operator[]                                                            |
| interface       | axis port=in0_V                                   | top_StreamingDataflowPartition_1_MVAU_hls_0.cpp:31 in streamingdataflowpartition_1_mvau_hls_0, in0_V                                        |
| interface       | axis port=out_V                                   | top_StreamingDataflowPartition_1_MVAU_hls_0.cpp:32 in streamingdataflowpartition_1_mvau_hls_0, out_V                                        |
| interface       | ap_ctrl_none port=return                          | top_StreamingDataflowPartition_1_MVAU_hls_0.cpp:33 in streamingdataflowpartition_1_mvau_hls_0, return                                       |
| interface       | axis port=weights_V                               | top_StreamingDataflowPartition_1_MVAU_hls_0.cpp:34 in streamingdataflowpartition_1_mvau_hls_0, weights_V                                    |
| array_partition | variable=threshs.m_thresholds complete dim=1      | top_StreamingDataflowPartition_1_MVAU_hls_0.cpp:35 in streamingdataflowpartition_1_mvau_hls_0, threshs.m_thresholds                         |
| array_partition | variable=threshs.m_thresholds complete dim=3      | top_StreamingDataflowPartition_1_MVAU_hls_0.cpp:36 in streamingdataflowpartition_1_mvau_hls_0, threshs.m_thresholds                         |
+-----------------+---------------------------------------------------+---------------------------------------------------------------------------------------------------------------------------------------------+


