

================================================================
== Vitis HLS Report for 'Matrix_Vector_Activate_Stream_Batch'
================================================================
* Date:           Wed Mar 26 22:51:13 2025

* Version:        2024.2 (Build 5238294 on Nov  8 2024)
* Project:        project_StreamingDataflowPartition_1_MVAU_hls_0
* Solution:       sol1 (Vivado IP Flow Target)
* Product family: zynq
* Target device:  xc7z020-clg400-1


================================================================
== Performance Estimates
================================================================
+ Timing: 
    * Summary: 
    +--------+----------+-----------+------------+
    |  Clock |  Target  | Estimated | Uncertainty|
    +--------+----------+-----------+------------+
    |ap_clk  |  20.00 ns|  11.547 ns|     5.40 ns|
    +--------+----------+-----------+------------+

+ Latency: 
    * Summary: 
    +---------+---------+----------+----------+-------+-------+------------------------------------------------+
    |  Latency (cycles) |  Latency (absolute) |    Interval   |                    Pipeline                    |
    |   min   |   max   |    min   |    max   |  min  |  max  |                      Type                      |
    +---------+---------+----------+----------+-------+-------+------------------------------------------------+
    |    50182|    50182|  1.004 ms|  1.004 ms|  50177|  50177|  loop auto-rewind flp (delay=0 clock cycles(s))|
    +---------+---------+----------+----------+-------+-------+------------------------------------------------+

    + Detail: 
        * Instance: 
        N/A

        * Loop: 
        +--------------------+---------+---------+----------+-----------+-----------+-------+----------+
        |                    |  Latency (cycles) | Iteration|  Initiation Interval  |  Trip |          |
        |      Loop Name     |   min   |   max   |  Latency |  achieved |   target  | Count | Pipelined|
        +--------------------+---------+---------+----------+-----------+-----------+-------+----------+
        |- VITIS_LOOP_249_1  |    50180|    50180|         6|          1|          1|  50176|  yes(flp)|
        +--------------------+---------+---------+----------+-----------+-----------+-------+----------+



================================================================
== Utilization Estimates
================================================================
* Summary: 
+-----------------+---------+-----+--------+-------+-----+
|       Name      | BRAM_18K| DSP |   FF   |  LUT  | URAM|
+-----------------+---------+-----+--------+-------+-----+
|DSP              |        -|    1|       -|      -|    -|
|Expression       |        -|    -|       0|   1077|    -|
|FIFO             |        -|    -|       -|      -|    -|
|Instance         |        -|    -|       0|   2693|    -|
|Memory           |       11|    -|      60|     60|    -|
|Multiplexer      |        -|    -|       0|    201|    -|
|Register         |        -|    -|    6540|      -|    -|
+-----------------+---------+-----+--------+-------+-----+
|Total            |       11|    1|    6600|   4031|    0|
+-----------------+---------+-----+--------+-------+-----+
|Available        |      280|  220|  106400|  53200|    0|
+-----------------+---------+-----+--------+-------+-----+
|Utilization (%)  |        3|   ~0|       6|      7|    0|
+-----------------+---------+-----+--------+-------+-----+

+ Detail: 
    * Instance: 
    +----------------------------+-------------------------+---------+----+---+------+-----+
    |          Instance          |          Module         | BRAM_18K| DSP| FF|  LUT | URAM|
    +----------------------------+-------------------------+---------+----+---+------+-----+
    |sparsemux_1569_10_8_1_1_U1  |sparsemux_1569_10_8_1_1  |        0|   0|  0|  2693|    0|
    +----------------------------+-------------------------+---------+----+---+------+-----+
    |Total                       |                         |        0|   0|  0|  2693|    0|
    +----------------------------+-------------------------+---------+----+---+------+-----+

    * DSP: 
    +---------------------------------+------------------------------+--------------+
    |             Instance            |            Module            |  Expression  |
    +---------------------------------+------------------------------+--------------+
    |mac_muladd_8ns_4s_32s_32_4_1_U2  |mac_muladd_8ns_4s_32s_32_4_1  |  i0 + i1 * i2|
    +---------------------------------+------------------------------+--------------+

    * Memory: 
    +-------------------+-----------------------------------------------------------------+---------+----+----+-----+------+-----+------+-------------+
    |       Memory      |                              Module                             | BRAM_18K| FF | LUT| URAM| Words| Bits| Banks| W*Bits*Banks|
    +-------------------+-----------------------------------------------------------------+---------+----+----+-----+------+-----+------+-------------+
    |p_ZL7threshs_0_U   |Matrix_Vector_Activate_Stream_Batch_p_ZL7threshs_0_ROM_AUTO_1R   |        0|  15|  15|    0|    64|   15|     1|          960|
    |p_ZL7threshs_10_U  |Matrix_Vector_Activate_Stream_Batch_p_ZL7threshs_10_ROM_AUTO_1R  |        1|   0|   0|    0|    64|   17|     1|         1088|
    |p_ZL7threshs_11_U  |Matrix_Vector_Activate_Stream_Batch_p_ZL7threshs_11_ROM_AUTO_1R  |        1|   0|   0|    0|    64|   17|     1|         1088|
    |p_ZL7threshs_12_U  |Matrix_Vector_Activate_Stream_Batch_p_ZL7threshs_12_ROM_AUTO_1R  |        1|   0|   0|    0|    64|   17|     1|         1088|
    |p_ZL7threshs_13_U  |Matrix_Vector_Activate_Stream_Batch_p_ZL7threshs_13_ROM_AUTO_1R  |        1|   0|   0|    0|    64|   17|     1|         1088|
    |p_ZL7threshs_14_U  |Matrix_Vector_Activate_Stream_Batch_p_ZL7threshs_14_ROM_AUTO_1R  |        1|   0|   0|    0|    64|   17|     1|         1088|
    |p_ZL7threshs_1_U   |Matrix_Vector_Activate_Stream_Batch_p_ZL7threshs_1_ROM_AUTO_1R   |        1|   0|   0|    0|    64|   16|     1|         1024|
    |p_ZL7threshs_2_U   |Matrix_Vector_Activate_Stream_Batch_p_ZL7threshs_2_ROM_AUTO_1R   |        0|  15|  15|    0|    64|   15|     1|          960|
    |p_ZL7threshs_3_U   |Matrix_Vector_Activate_Stream_Batch_p_ZL7threshs_3_ROM_AUTO_1R   |        0|  15|  15|    0|    64|   15|     1|          960|
    |p_ZL7threshs_4_U   |Matrix_Vector_Activate_Stream_Batch_p_ZL7threshs_4_ROM_AUTO_1R   |        0|  15|  15|    0|    64|   15|     1|          960|
    |p_ZL7threshs_5_U   |Matrix_Vector_Activate_Stream_Batch_p_ZL7threshs_5_ROM_AUTO_1R   |        1|   0|   0|    0|    64|   16|     1|         1024|
    |p_ZL7threshs_6_U   |Matrix_Vector_Activate_Stream_Batch_p_ZL7threshs_6_ROM_AUTO_1R   |        1|   0|   0|    0|    64|   16|     1|         1024|
    |p_ZL7threshs_7_U   |Matrix_Vector_Activate_Stream_Batch_p_ZL7threshs_7_ROM_AUTO_1R   |        1|   0|   0|    0|    64|   16|     1|         1024|
    |p_ZL7threshs_8_U   |Matrix_Vector_Activate_Stream_Batch_p_ZL7threshs_8_ROM_AUTO_1R   |        1|   0|   0|    0|    64|   16|     1|         1024|
    |p_ZL7threshs_9_U   |Matrix_Vector_Activate_Stream_Batch_p_ZL7threshs_9_ROM_AUTO_1R   |        1|   0|   0|    0|    64|   17|     1|         1088|
    +-------------------+-----------------------------------------------------------------+---------+----+----+-----+------+-----+------+-------------+
    |Total              |                                                                 |       11|  60|  60|    0|   960|  242|    15|        15488|
    +-------------------+-----------------------------------------------------------------+---------+----+----+-----+------+-----+------+-------------+

    * FIFO: 
    N/A

    * Expression: 
    +----------------------------------+----------+----+---+----+------------+------------+
    |           Variable Name          | Operation| DSP| FF| LUT| Bitwidth P0| Bitwidth P1|
    +----------------------------------+----------+----+---+----+------------+------------+
    |add_ln218_10_fu_14955_p2          |         +|   0|  0|  10|           2|           2|
    |add_ln218_11_fu_14965_p2          |         +|   0|  0|  11|           3|           3|
    |add_ln218_12_fu_14984_p2          |         +|   0|  0|   7|           4|           4|
    |add_ln218_1_fu_14877_p2           |         +|   0|  0|   2|           2|           2|
    |add_ln218_2_fu_14887_p2           |         +|   0|  0|  10|           2|           2|
    |add_ln218_3_fu_14897_p2           |         +|   0|  0|  10|           2|           2|
    |add_ln218_4_fu_14907_p2           |         +|   0|  0|   4|           3|           3|
    |add_ln218_5_fu_14913_p2           |         +|   0|  0|   4|           3|           3|
    |add_ln218_6_fu_14919_p2           |         +|   0|  0|  10|           2|           2|
    |add_ln218_7_fu_14929_p2           |         +|   0|  0|  10|           2|           2|
    |add_ln218_8_fu_14939_p2           |         +|   0|  0|  11|           3|           3|
    |add_ln218_9_fu_14945_p2           |         +|   0|  0|  10|           2|           2|
    |add_ln218_fu_14871_p2             |         +|   0|  0|   2|           2|           2|
    |i_2_fu_5057_p2                    |         +|   0|  0|  23|          16|           1|
    |nf_fu_14516_p2                    |         +|   0|  0|  39|          32|           1|
    |result_2_fu_14990_p2              |         +|   0|  0|   7|           4|           4|
    |sf_2_fu_14499_p2                  |         +|   0|  0|  39|          32|           1|
    |ap_block_state6_pp0_stage0_iter5  |       and|   0|  0|   2|           1|           1|
    |ap_condition_128                  |       and|   0|  0|   2|           1|           1|
    |ap_predicate_op1602_read_state1   |       and|   0|  0|   2|           1|           1|
    |ap_predicate_op3331_write_state6  |       and|   0|  0|   2|           1|           1|
    |icmp_ln108_10_fu_14780_p2         |      icmp|   0|  0|  39|          32|          32|
    |icmp_ln108_11_fu_14799_p2         |      icmp|   0|  0|  39|          32|          32|
    |icmp_ln108_12_fu_14818_p2         |      icmp|   0|  0|  39|          32|          32|
    |icmp_ln108_13_fu_14837_p2         |      icmp|   0|  0|  39|          32|          32|
    |icmp_ln108_14_fu_14856_p2         |      icmp|   0|  0|  39|          32|          32|
    |icmp_ln108_1_fu_14609_p2          |      icmp|   0|  0|  39|          32|          32|
    |icmp_ln108_2_fu_14628_p2          |      icmp|   0|  0|  39|          32|          32|
    |icmp_ln108_3_fu_14647_p2          |      icmp|   0|  0|  39|          32|          32|
    |icmp_ln108_4_fu_14666_p2          |      icmp|   0|  0|  39|          32|          32|
    |icmp_ln108_5_fu_14685_p2          |      icmp|   0|  0|  39|          32|          32|
    |icmp_ln108_6_fu_14704_p2          |      icmp|   0|  0|  39|          32|          32|
    |icmp_ln108_7_fu_14723_p2          |      icmp|   0|  0|  39|          32|          32|
    |icmp_ln108_8_fu_14742_p2          |      icmp|   0|  0|  39|          32|          32|
    |icmp_ln108_9_fu_14761_p2          |      icmp|   0|  0|  39|          32|          32|
    |icmp_ln108_fu_14590_p2            |      icmp|   0|  0|  39|          32|          32|
    |icmp_ln249_fu_5051_p2             |      icmp|   0|  0|  23|          16|          15|
    |icmp_ln253_fu_5067_p2             |      icmp|   0|  0|  39|          32|           1|
    |icmp_ln272_fu_14493_p2            |      icmp|   0|  0|  39|          32|           1|
    |icmp_ln290_fu_14505_p2            |      icmp|   0|  0|  39|          32|          10|
    |icmp_ln302_fu_14522_p2            |      icmp|   0|  0|  39|          32|           7|
    |ap_block_state1_pp0_stage0_iter0  |        or|   0|  0|   2|           1|           1|
    |grp_fu_15001_p2                   |    select|   0|  0|  32|           1|           1|
    |nf_3_fu_14528_p3                  |    select|   0|  0|  32|           1|           1|
    |result_fu_14595_p2                |       xor|   0|  0|   2|           1|           2|
    |xor_ln108_10_fu_14804_p2          |       xor|   0|  0|   2|           1|           2|
    |xor_ln108_11_fu_14823_p2          |       xor|   0|  0|   2|           1|           2|
    |xor_ln108_12_fu_14842_p2          |       xor|   0|  0|   2|           1|           2|
    |xor_ln108_13_fu_14861_p2          |       xor|   0|  0|   2|           1|           2|
    |xor_ln108_1_fu_14633_p2           |       xor|   0|  0|   2|           1|           2|
    |xor_ln108_2_fu_14652_p2           |       xor|   0|  0|   2|           1|           2|
    |xor_ln108_3_fu_14671_p2           |       xor|   0|  0|   2|           1|           2|
    |xor_ln108_4_fu_14690_p2           |       xor|   0|  0|   2|           1|           2|
    |xor_ln108_5_fu_14709_p2           |       xor|   0|  0|   2|           1|           2|
    |xor_ln108_6_fu_14728_p2           |       xor|   0|  0|   2|           1|           2|
    |xor_ln108_7_fu_14747_p2           |       xor|   0|  0|   2|           1|           2|
    |xor_ln108_8_fu_14766_p2           |       xor|   0|  0|   2|           1|           2|
    |xor_ln108_9_fu_14785_p2           |       xor|   0|  0|   2|           1|           2|
    |xor_ln108_fu_14614_p2             |       xor|   0|  0|   2|           1|           2|
    +----------------------------------+----------+----+---+----+------------+------------+
    |Total                             |          |   0|  0|1077|         762|         590|
    +----------------------------------+----------+----+---+----+------------+------------+

    * Multiplexer: 
    +--------------------------------------+----+-----------+-----+-----------+
    |                 Name                 | LUT| Input Size| Bits| Total Bits|
    +--------------------------------------+----+-----------+-----+-----------+
    |ap_NS_iter1_fsm                       |  14|          3|    2|          6|
    |ap_NS_iter2_fsm                       |  14|          3|    2|          6|
    |ap_NS_iter3_fsm                       |  14|          3|    2|          6|
    |ap_NS_iter4_fsm                       |  14|          3|    2|          6|
    |ap_NS_iter5_fsm                       |  14|          3|    2|          6|
    |ap_done_int                           |   9|          2|    1|          2|
    |ap_loop_exit_ready_pp0_iter5_reg      |   9|          2|    1|          2|
    |ap_phi_mux_inElem_phi_fu_5021_p4      |   9|          2|    8|         16|
    |ap_phi_reg_pp0_iter1_inElem_reg_5018  |   9|          2|    8|         16|
    |ap_sig_allocacmp_i_1                  |   9|          2|   16|         32|
    |ap_sig_allocacmp_nf_2                 |   9|          2|   32|         64|
    |ap_sig_allocacmp_p_0_0_07335_load     |   9|          2|   32|         64|
    |ap_sig_allocacmp_sf_1                 |   9|          2|   32|         64|
    |i_fu_1656                             |   9|          2|   16|         32|
    |in0_V_TDATA_blk_n                     |   9|          2|    1|          2|
    |nf_1_fu_4800                          |   9|          2|   32|         64|
    |out_V_TDATA_blk_n                     |   9|          2|    1|          2|
    |sf_fu_1652                            |  14|          3|   32|         96|
    |weights_V_TDATA_blk_n                 |   9|          2|    1|          2|
    +--------------------------------------+----+-----------+-----+-----------+
    |Total                                 | 201|         44|  223|        488|
    +--------------------------------------+----+-----------+-----+-----------+

    * Register: 
    +--------------------------------------+----+----+-----+-----------+
    |                 Name                 | FF | LUT| Bits| Const Bits|
    +--------------------------------------+----+----+-----+-----------+
    |W_packed_reg_19783                    |   4|   0|    4|          0|
    |add_ln218_11_reg_19897                |   3|   0|    3|          0|
    |add_ln218_5_reg_19887                 |   3|   0|    3|          0|
    |add_ln218_8_reg_19892                 |   3|   0|    3|          0|
    |ap_CS_iter0_fsm                       |   1|   0|    1|          0|
    |ap_CS_iter1_fsm                       |   2|   0|    2|          0|
    |ap_CS_iter2_fsm                       |   2|   0|    2|          0|
    |ap_CS_iter3_fsm                       |   2|   0|    2|          0|
    |ap_CS_iter4_fsm                       |   2|   0|    2|          0|
    |ap_CS_iter5_fsm                       |   2|   0|    2|          0|
    |ap_done_reg                           |   1|   0|    1|          0|
    |ap_loop_exit_ready_pp0_iter1_reg      |   1|   0|    1|          0|
    |ap_loop_exit_ready_pp0_iter2_reg      |   1|   0|    1|          0|
    |ap_loop_exit_ready_pp0_iter3_reg      |   1|   0|    1|          0|
    |ap_loop_exit_ready_pp0_iter4_reg      |   1|   0|    1|          0|
    |ap_loop_exit_ready_pp0_iter5_reg      |   1|   0|    1|          0|
    |ap_phi_reg_pp0_iter1_inElem_reg_5018  |   8|   0|    8|          0|
    |i_fu_1656                             |  16|   0|   16|          0|
    |icmp_ln249_reg_19762                  |   1|   0|    1|          0|
    |icmp_ln249_reg_19762_pp0_iter1_reg    |   1|   0|    1|          0|
    |icmp_ln249_reg_19762_pp0_iter2_reg    |   1|   0|    1|          0|
    |icmp_ln249_reg_19762_pp0_iter3_reg    |   1|   0|    1|          0|
    |icmp_ln249_reg_19762_pp0_iter4_reg    |   1|   0|    1|          0|
    |icmp_ln253_reg_19769                  |   1|   0|    1|          0|
    |icmp_ln272_reg_19788                  |   1|   0|    1|          0|
    |icmp_ln272_reg_19788_pp0_iter1_reg    |   1|   0|    1|          0|
    |icmp_ln272_reg_19788_pp0_iter2_reg    |   1|   0|    1|          0|
    |icmp_ln290_reg_19793                  |   1|   0|    1|          0|
    |icmp_ln290_reg_19793_pp0_iter1_reg    |   1|   0|    1|          0|
    |icmp_ln290_reg_19793_pp0_iter2_reg    |   1|   0|    1|          0|
    |icmp_ln290_reg_19793_pp0_iter3_reg    |   1|   0|    1|          0|
    |icmp_ln290_reg_19793_pp0_iter4_reg    |   1|   0|    1|          0|
    |inputBuf_100_fu_2064                  |   8|   0|    8|          0|
    |inputBuf_101_fu_2068                  |   8|   0|    8|          0|
    |inputBuf_102_fu_2072                  |   8|   0|    8|          0|
    |inputBuf_103_fu_2076                  |   8|   0|    8|          0|
    |inputBuf_104_fu_2080                  |   8|   0|    8|          0|
    |inputBuf_105_fu_2084                  |   8|   0|    8|          0|
    |inputBuf_106_fu_2088                  |   8|   0|    8|          0|
    |inputBuf_107_fu_2092                  |   8|   0|    8|          0|
    |inputBuf_108_fu_2096                  |   8|   0|    8|          0|
    |inputBuf_109_fu_2100                  |   8|   0|    8|          0|
    |inputBuf_10_fu_1704                   |   8|   0|    8|          0|
    |inputBuf_110_fu_2104                  |   8|   0|    8|          0|
    |inputBuf_111_fu_2108                  |   8|   0|    8|          0|
    |inputBuf_112_fu_2112                  |   8|   0|    8|          0|
    |inputBuf_113_fu_2116                  |   8|   0|    8|          0|
    |inputBuf_114_fu_2120                  |   8|   0|    8|          0|
    |inputBuf_115_fu_2124                  |   8|   0|    8|          0|
    |inputBuf_116_fu_2128                  |   8|   0|    8|          0|
    |inputBuf_117_fu_2132                  |   8|   0|    8|          0|
    |inputBuf_118_fu_2136                  |   8|   0|    8|          0|
    |inputBuf_119_fu_2140                  |   8|   0|    8|          0|
    |inputBuf_11_fu_1708                   |   8|   0|    8|          0|
    |inputBuf_120_fu_2144                  |   8|   0|    8|          0|
    |inputBuf_121_fu_2148                  |   8|   0|    8|          0|
    |inputBuf_122_fu_2152                  |   8|   0|    8|          0|
    |inputBuf_123_fu_2156                  |   8|   0|    8|          0|
    |inputBuf_124_fu_2160                  |   8|   0|    8|          0|
    |inputBuf_125_fu_2164                  |   8|   0|    8|          0|
    |inputBuf_126_fu_2168                  |   8|   0|    8|          0|
    |inputBuf_127_fu_2172                  |   8|   0|    8|          0|
    |inputBuf_128_fu_2176                  |   8|   0|    8|          0|
    |inputBuf_129_fu_2180                  |   8|   0|    8|          0|
    |inputBuf_12_fu_1712                   |   8|   0|    8|          0|
    |inputBuf_130_fu_2184                  |   8|   0|    8|          0|
    |inputBuf_131_fu_2188                  |   8|   0|    8|          0|
    |inputBuf_132_fu_2192                  |   8|   0|    8|          0|
    |inputBuf_133_fu_2196                  |   8|   0|    8|          0|
    |inputBuf_134_fu_2200                  |   8|   0|    8|          0|
    |inputBuf_135_fu_2204                  |   8|   0|    8|          0|
    |inputBuf_136_fu_2208                  |   8|   0|    8|          0|
    |inputBuf_137_fu_2212                  |   8|   0|    8|          0|
    |inputBuf_138_fu_2216                  |   8|   0|    8|          0|
    |inputBuf_139_fu_2220                  |   8|   0|    8|          0|
    |inputBuf_13_fu_1716                   |   8|   0|    8|          0|
    |inputBuf_140_fu_2224                  |   8|   0|    8|          0|
    |inputBuf_141_fu_2228                  |   8|   0|    8|          0|
    |inputBuf_142_fu_2232                  |   8|   0|    8|          0|
    |inputBuf_143_fu_2236                  |   8|   0|    8|          0|
    |inputBuf_144_fu_2240                  |   8|   0|    8|          0|
    |inputBuf_145_fu_2244                  |   8|   0|    8|          0|
    |inputBuf_146_fu_2248                  |   8|   0|    8|          0|
    |inputBuf_147_fu_2252                  |   8|   0|    8|          0|
    |inputBuf_148_fu_2256                  |   8|   0|    8|          0|
    |inputBuf_149_fu_2260                  |   8|   0|    8|          0|
    |inputBuf_14_fu_1720                   |   8|   0|    8|          0|
    |inputBuf_150_fu_2264                  |   8|   0|    8|          0|
    |inputBuf_151_fu_2268                  |   8|   0|    8|          0|
    |inputBuf_152_fu_2272                  |   8|   0|    8|          0|
    |inputBuf_153_fu_2276                  |   8|   0|    8|          0|
    |inputBuf_154_fu_2280                  |   8|   0|    8|          0|
    |inputBuf_155_fu_2284                  |   8|   0|    8|          0|
    |inputBuf_156_fu_2288                  |   8|   0|    8|          0|
    |inputBuf_157_fu_2292                  |   8|   0|    8|          0|
    |inputBuf_158_fu_2296                  |   8|   0|    8|          0|
    |inputBuf_159_fu_2300                  |   8|   0|    8|          0|
    |inputBuf_15_fu_1724                   |   8|   0|    8|          0|
    |inputBuf_160_fu_2304                  |   8|   0|    8|          0|
    |inputBuf_161_fu_2308                  |   8|   0|    8|          0|
    |inputBuf_162_fu_2312                  |   8|   0|    8|          0|
    |inputBuf_163_fu_2316                  |   8|   0|    8|          0|
    |inputBuf_164_fu_2320                  |   8|   0|    8|          0|
    |inputBuf_165_fu_2324                  |   8|   0|    8|          0|
    |inputBuf_166_fu_2328                  |   8|   0|    8|          0|
    |inputBuf_167_fu_2332                  |   8|   0|    8|          0|
    |inputBuf_168_fu_2336                  |   8|   0|    8|          0|
    |inputBuf_169_fu_2340                  |   8|   0|    8|          0|
    |inputBuf_16_fu_1728                   |   8|   0|    8|          0|
    |inputBuf_170_fu_2344                  |   8|   0|    8|          0|
    |inputBuf_171_fu_2348                  |   8|   0|    8|          0|
    |inputBuf_172_fu_2352                  |   8|   0|    8|          0|
    |inputBuf_173_fu_2356                  |   8|   0|    8|          0|
    |inputBuf_174_fu_2360                  |   8|   0|    8|          0|
    |inputBuf_175_fu_2364                  |   8|   0|    8|          0|
    |inputBuf_176_fu_2368                  |   8|   0|    8|          0|
    |inputBuf_177_fu_2372                  |   8|   0|    8|          0|
    |inputBuf_178_fu_2376                  |   8|   0|    8|          0|
    |inputBuf_179_fu_2380                  |   8|   0|    8|          0|
    |inputBuf_17_fu_1732                   |   8|   0|    8|          0|
    |inputBuf_180_fu_2384                  |   8|   0|    8|          0|
    |inputBuf_181_fu_2388                  |   8|   0|    8|          0|
    |inputBuf_182_fu_2392                  |   8|   0|    8|          0|
    |inputBuf_183_fu_2396                  |   8|   0|    8|          0|
    |inputBuf_184_fu_2400                  |   8|   0|    8|          0|
    |inputBuf_185_fu_2404                  |   8|   0|    8|          0|
    |inputBuf_186_fu_2408                  |   8|   0|    8|          0|
    |inputBuf_187_fu_2412                  |   8|   0|    8|          0|
    |inputBuf_188_fu_2416                  |   8|   0|    8|          0|
    |inputBuf_189_fu_2420                  |   8|   0|    8|          0|
    |inputBuf_18_fu_1736                   |   8|   0|    8|          0|
    |inputBuf_190_fu_2424                  |   8|   0|    8|          0|
    |inputBuf_191_fu_2428                  |   8|   0|    8|          0|
    |inputBuf_192_fu_2432                  |   8|   0|    8|          0|
    |inputBuf_193_fu_2436                  |   8|   0|    8|          0|
    |inputBuf_194_fu_2440                  |   8|   0|    8|          0|
    |inputBuf_195_fu_2444                  |   8|   0|    8|          0|
    |inputBuf_196_fu_2448                  |   8|   0|    8|          0|
    |inputBuf_197_fu_2452                  |   8|   0|    8|          0|
    |inputBuf_198_fu_2456                  |   8|   0|    8|          0|
    |inputBuf_199_fu_2460                  |   8|   0|    8|          0|
    |inputBuf_19_fu_1740                   |   8|   0|    8|          0|
    |inputBuf_1_fu_1668                    |   8|   0|    8|          0|
    |inputBuf_200_fu_2464                  |   8|   0|    8|          0|
    |inputBuf_201_fu_2468                  |   8|   0|    8|          0|
    |inputBuf_202_fu_2472                  |   8|   0|    8|          0|
    |inputBuf_203_fu_2476                  |   8|   0|    8|          0|
    |inputBuf_204_fu_2480                  |   8|   0|    8|          0|
    |inputBuf_205_fu_2484                  |   8|   0|    8|          0|
    |inputBuf_206_fu_2488                  |   8|   0|    8|          0|
    |inputBuf_207_fu_2492                  |   8|   0|    8|          0|
    |inputBuf_208_fu_2496                  |   8|   0|    8|          0|
    |inputBuf_209_fu_2500                  |   8|   0|    8|          0|
    |inputBuf_20_fu_1744                   |   8|   0|    8|          0|
    |inputBuf_210_fu_2504                  |   8|   0|    8|          0|
    |inputBuf_211_fu_2508                  |   8|   0|    8|          0|
    |inputBuf_212_fu_2512                  |   8|   0|    8|          0|
    |inputBuf_213_fu_2516                  |   8|   0|    8|          0|
    |inputBuf_214_fu_2520                  |   8|   0|    8|          0|
    |inputBuf_215_fu_2524                  |   8|   0|    8|          0|
    |inputBuf_216_fu_2528                  |   8|   0|    8|          0|
    |inputBuf_217_fu_2532                  |   8|   0|    8|          0|
    |inputBuf_218_fu_2536                  |   8|   0|    8|          0|
    |inputBuf_219_fu_2540                  |   8|   0|    8|          0|
    |inputBuf_21_fu_1748                   |   8|   0|    8|          0|
    |inputBuf_220_fu_2544                  |   8|   0|    8|          0|
    |inputBuf_221_fu_2548                  |   8|   0|    8|          0|
    |inputBuf_222_fu_2552                  |   8|   0|    8|          0|
    |inputBuf_223_fu_2556                  |   8|   0|    8|          0|
    |inputBuf_224_fu_2560                  |   8|   0|    8|          0|
    |inputBuf_225_fu_2564                  |   8|   0|    8|          0|
    |inputBuf_226_fu_2568                  |   8|   0|    8|          0|
    |inputBuf_227_fu_2572                  |   8|   0|    8|          0|
    |inputBuf_228_fu_2576                  |   8|   0|    8|          0|
    |inputBuf_229_fu_2580                  |   8|   0|    8|          0|
    |inputBuf_22_fu_1752                   |   8|   0|    8|          0|
    |inputBuf_230_fu_2584                  |   8|   0|    8|          0|
    |inputBuf_231_fu_2588                  |   8|   0|    8|          0|
    |inputBuf_232_fu_2592                  |   8|   0|    8|          0|
    |inputBuf_233_fu_2596                  |   8|   0|    8|          0|
    |inputBuf_234_fu_2600                  |   8|   0|    8|          0|
    |inputBuf_235_fu_2604                  |   8|   0|    8|          0|
    |inputBuf_236_fu_2608                  |   8|   0|    8|          0|
    |inputBuf_237_fu_2612                  |   8|   0|    8|          0|
    |inputBuf_238_fu_2616                  |   8|   0|    8|          0|
    |inputBuf_239_fu_2620                  |   8|   0|    8|          0|
    |inputBuf_23_fu_1756                   |   8|   0|    8|          0|
    |inputBuf_240_fu_2624                  |   8|   0|    8|          0|
    |inputBuf_241_fu_2628                  |   8|   0|    8|          0|
    |inputBuf_242_fu_2632                  |   8|   0|    8|          0|
    |inputBuf_243_fu_2636                  |   8|   0|    8|          0|
    |inputBuf_244_fu_2640                  |   8|   0|    8|          0|
    |inputBuf_245_fu_2644                  |   8|   0|    8|          0|
    |inputBuf_246_fu_2648                  |   8|   0|    8|          0|
    |inputBuf_247_fu_2652                  |   8|   0|    8|          0|
    |inputBuf_248_fu_2656                  |   8|   0|    8|          0|
    |inputBuf_249_fu_2660                  |   8|   0|    8|          0|
    |inputBuf_24_fu_1760                   |   8|   0|    8|          0|
    |inputBuf_250_fu_2664                  |   8|   0|    8|          0|
    |inputBuf_251_fu_2668                  |   8|   0|    8|          0|
    |inputBuf_252_fu_2672                  |   8|   0|    8|          0|
    |inputBuf_253_fu_2676                  |   8|   0|    8|          0|
    |inputBuf_254_fu_2680                  |   8|   0|    8|          0|
    |inputBuf_255_fu_2684                  |   8|   0|    8|          0|
    |inputBuf_256_fu_2688                  |   8|   0|    8|          0|
    |inputBuf_257_fu_2692                  |   8|   0|    8|          0|
    |inputBuf_258_fu_2696                  |   8|   0|    8|          0|
    |inputBuf_259_fu_2700                  |   8|   0|    8|          0|
    |inputBuf_25_fu_1764                   |   8|   0|    8|          0|
    |inputBuf_260_fu_2704                  |   8|   0|    8|          0|
    |inputBuf_261_fu_2708                  |   8|   0|    8|          0|
    |inputBuf_262_fu_2712                  |   8|   0|    8|          0|
    |inputBuf_263_fu_2716                  |   8|   0|    8|          0|
    |inputBuf_264_fu_2720                  |   8|   0|    8|          0|
    |inputBuf_265_fu_2724                  |   8|   0|    8|          0|
    |inputBuf_266_fu_2728                  |   8|   0|    8|          0|
    |inputBuf_267_fu_2732                  |   8|   0|    8|          0|
    |inputBuf_268_fu_2736                  |   8|   0|    8|          0|
    |inputBuf_269_fu_2740                  |   8|   0|    8|          0|
    |inputBuf_26_fu_1768                   |   8|   0|    8|          0|
    |inputBuf_270_fu_2744                  |   8|   0|    8|          0|
    |inputBuf_271_fu_2748                  |   8|   0|    8|          0|
    |inputBuf_272_fu_2752                  |   8|   0|    8|          0|
    |inputBuf_273_fu_2756                  |   8|   0|    8|          0|
    |inputBuf_274_fu_2760                  |   8|   0|    8|          0|
    |inputBuf_275_fu_2764                  |   8|   0|    8|          0|
    |inputBuf_276_fu_2768                  |   8|   0|    8|          0|
    |inputBuf_277_fu_2772                  |   8|   0|    8|          0|
    |inputBuf_278_fu_2776                  |   8|   0|    8|          0|
    |inputBuf_279_fu_2780                  |   8|   0|    8|          0|
    |inputBuf_27_fu_1772                   |   8|   0|    8|          0|
    |inputBuf_280_fu_2784                  |   8|   0|    8|          0|
    |inputBuf_281_fu_2788                  |   8|   0|    8|          0|
    |inputBuf_282_fu_2792                  |   8|   0|    8|          0|
    |inputBuf_283_fu_2796                  |   8|   0|    8|          0|
    |inputBuf_284_fu_2800                  |   8|   0|    8|          0|
    |inputBuf_285_fu_2804                  |   8|   0|    8|          0|
    |inputBuf_286_fu_2808                  |   8|   0|    8|          0|
    |inputBuf_287_fu_2812                  |   8|   0|    8|          0|
    |inputBuf_288_fu_2816                  |   8|   0|    8|          0|
    |inputBuf_289_fu_2820                  |   8|   0|    8|          0|
    |inputBuf_28_fu_1776                   |   8|   0|    8|          0|
    |inputBuf_290_fu_2824                  |   8|   0|    8|          0|
    |inputBuf_291_fu_2828                  |   8|   0|    8|          0|
    |inputBuf_292_fu_2832                  |   8|   0|    8|          0|
    |inputBuf_293_fu_2836                  |   8|   0|    8|          0|
    |inputBuf_294_fu_2840                  |   8|   0|    8|          0|
    |inputBuf_295_fu_2844                  |   8|   0|    8|          0|
    |inputBuf_296_fu_2848                  |   8|   0|    8|          0|
    |inputBuf_297_fu_2852                  |   8|   0|    8|          0|
    |inputBuf_298_fu_2856                  |   8|   0|    8|          0|
    |inputBuf_299_fu_2860                  |   8|   0|    8|          0|
    |inputBuf_29_fu_1780                   |   8|   0|    8|          0|
    |inputBuf_2_fu_1672                    |   8|   0|    8|          0|
    |inputBuf_300_fu_2864                  |   8|   0|    8|          0|
    |inputBuf_301_fu_2868                  |   8|   0|    8|          0|
    |inputBuf_302_fu_2872                  |   8|   0|    8|          0|
    |inputBuf_303_fu_2876                  |   8|   0|    8|          0|
    |inputBuf_304_fu_2880                  |   8|   0|    8|          0|
    |inputBuf_305_fu_2884                  |   8|   0|    8|          0|
    |inputBuf_306_fu_2888                  |   8|   0|    8|          0|
    |inputBuf_307_fu_2892                  |   8|   0|    8|          0|
    |inputBuf_308_fu_2896                  |   8|   0|    8|          0|
    |inputBuf_309_fu_2900                  |   8|   0|    8|          0|
    |inputBuf_30_fu_1784                   |   8|   0|    8|          0|
    |inputBuf_310_fu_2904                  |   8|   0|    8|          0|
    |inputBuf_311_fu_2908                  |   8|   0|    8|          0|
    |inputBuf_312_fu_2912                  |   8|   0|    8|          0|
    |inputBuf_313_fu_2916                  |   8|   0|    8|          0|
    |inputBuf_314_fu_2920                  |   8|   0|    8|          0|
    |inputBuf_315_fu_2924                  |   8|   0|    8|          0|
    |inputBuf_316_fu_2928                  |   8|   0|    8|          0|
    |inputBuf_317_fu_2932                  |   8|   0|    8|          0|
    |inputBuf_318_fu_2936                  |   8|   0|    8|          0|
    |inputBuf_319_fu_2940                  |   8|   0|    8|          0|
    |inputBuf_31_fu_1788                   |   8|   0|    8|          0|
    |inputBuf_320_fu_2944                  |   8|   0|    8|          0|
    |inputBuf_321_fu_2948                  |   8|   0|    8|          0|
    |inputBuf_322_fu_2952                  |   8|   0|    8|          0|
    |inputBuf_323_fu_2956                  |   8|   0|    8|          0|
    |inputBuf_324_fu_2960                  |   8|   0|    8|          0|
    |inputBuf_325_fu_2964                  |   8|   0|    8|          0|
    |inputBuf_326_fu_2968                  |   8|   0|    8|          0|
    |inputBuf_327_fu_2972                  |   8|   0|    8|          0|
    |inputBuf_328_fu_2976                  |   8|   0|    8|          0|
    |inputBuf_329_fu_2980                  |   8|   0|    8|          0|
    |inputBuf_32_fu_1792                   |   8|   0|    8|          0|
    |inputBuf_330_fu_2984                  |   8|   0|    8|          0|
    |inputBuf_331_fu_2988                  |   8|   0|    8|          0|
    |inputBuf_332_fu_2992                  |   8|   0|    8|          0|
    |inputBuf_333_fu_2996                  |   8|   0|    8|          0|
    |inputBuf_334_fu_3000                  |   8|   0|    8|          0|
    |inputBuf_335_fu_3004                  |   8|   0|    8|          0|
    |inputBuf_336_fu_3008                  |   8|   0|    8|          0|
    |inputBuf_337_fu_3012                  |   8|   0|    8|          0|
    |inputBuf_338_fu_3016                  |   8|   0|    8|          0|
    |inputBuf_339_fu_3020                  |   8|   0|    8|          0|
    |inputBuf_33_fu_1796                   |   8|   0|    8|          0|
    |inputBuf_340_fu_3024                  |   8|   0|    8|          0|
    |inputBuf_341_fu_3028                  |   8|   0|    8|          0|
    |inputBuf_342_fu_3032                  |   8|   0|    8|          0|
    |inputBuf_343_fu_3036                  |   8|   0|    8|          0|
    |inputBuf_344_fu_3040                  |   8|   0|    8|          0|
    |inputBuf_345_fu_3044                  |   8|   0|    8|          0|
    |inputBuf_346_fu_3048                  |   8|   0|    8|          0|
    |inputBuf_347_fu_3052                  |   8|   0|    8|          0|
    |inputBuf_348_fu_3056                  |   8|   0|    8|          0|
    |inputBuf_349_fu_3060                  |   8|   0|    8|          0|
    |inputBuf_34_fu_1800                   |   8|   0|    8|          0|
    |inputBuf_350_fu_3064                  |   8|   0|    8|          0|
    |inputBuf_351_fu_3068                  |   8|   0|    8|          0|
    |inputBuf_352_fu_3072                  |   8|   0|    8|          0|
    |inputBuf_353_fu_3076                  |   8|   0|    8|          0|
    |inputBuf_354_fu_3080                  |   8|   0|    8|          0|
    |inputBuf_355_fu_3084                  |   8|   0|    8|          0|
    |inputBuf_356_fu_3088                  |   8|   0|    8|          0|
    |inputBuf_357_fu_3092                  |   8|   0|    8|          0|
    |inputBuf_358_fu_3096                  |   8|   0|    8|          0|
    |inputBuf_359_fu_3100                  |   8|   0|    8|          0|
    |inputBuf_35_fu_1804                   |   8|   0|    8|          0|
    |inputBuf_360_fu_3104                  |   8|   0|    8|          0|
    |inputBuf_361_fu_3108                  |   8|   0|    8|          0|
    |inputBuf_362_fu_3112                  |   8|   0|    8|          0|
    |inputBuf_363_fu_3116                  |   8|   0|    8|          0|
    |inputBuf_364_fu_3120                  |   8|   0|    8|          0|
    |inputBuf_365_fu_3124                  |   8|   0|    8|          0|
    |inputBuf_366_fu_3128                  |   8|   0|    8|          0|
    |inputBuf_367_fu_3132                  |   8|   0|    8|          0|
    |inputBuf_368_fu_3136                  |   8|   0|    8|          0|
    |inputBuf_369_fu_3140                  |   8|   0|    8|          0|
    |inputBuf_36_fu_1808                   |   8|   0|    8|          0|
    |inputBuf_370_fu_3144                  |   8|   0|    8|          0|
    |inputBuf_371_fu_3148                  |   8|   0|    8|          0|
    |inputBuf_372_fu_3152                  |   8|   0|    8|          0|
    |inputBuf_373_fu_3156                  |   8|   0|    8|          0|
    |inputBuf_374_fu_3160                  |   8|   0|    8|          0|
    |inputBuf_375_fu_3164                  |   8|   0|    8|          0|
    |inputBuf_376_fu_3168                  |   8|   0|    8|          0|
    |inputBuf_377_fu_3172                  |   8|   0|    8|          0|
    |inputBuf_378_fu_3176                  |   8|   0|    8|          0|
    |inputBuf_379_fu_3180                  |   8|   0|    8|          0|
    |inputBuf_37_fu_1812                   |   8|   0|    8|          0|
    |inputBuf_380_fu_3184                  |   8|   0|    8|          0|
    |inputBuf_381_fu_3188                  |   8|   0|    8|          0|
    |inputBuf_382_fu_3192                  |   8|   0|    8|          0|
    |inputBuf_383_fu_3196                  |   8|   0|    8|          0|
    |inputBuf_384_fu_3200                  |   8|   0|    8|          0|
    |inputBuf_385_fu_3204                  |   8|   0|    8|          0|
    |inputBuf_386_fu_3208                  |   8|   0|    8|          0|
    |inputBuf_387_fu_3212                  |   8|   0|    8|          0|
    |inputBuf_388_fu_3216                  |   8|   0|    8|          0|
    |inputBuf_389_fu_3220                  |   8|   0|    8|          0|
    |inputBuf_38_fu_1816                   |   8|   0|    8|          0|
    |inputBuf_390_fu_3224                  |   8|   0|    8|          0|
    |inputBuf_391_fu_3228                  |   8|   0|    8|          0|
    |inputBuf_392_fu_3232                  |   8|   0|    8|          0|
    |inputBuf_393_fu_3236                  |   8|   0|    8|          0|
    |inputBuf_394_fu_3240                  |   8|   0|    8|          0|
    |inputBuf_395_fu_3244                  |   8|   0|    8|          0|
    |inputBuf_396_fu_3248                  |   8|   0|    8|          0|
    |inputBuf_397_fu_3252                  |   8|   0|    8|          0|
    |inputBuf_398_fu_3256                  |   8|   0|    8|          0|
    |inputBuf_399_fu_3260                  |   8|   0|    8|          0|
    |inputBuf_39_fu_1820                   |   8|   0|    8|          0|
    |inputBuf_3_fu_1676                    |   8|   0|    8|          0|
    |inputBuf_400_fu_3264                  |   8|   0|    8|          0|
    |inputBuf_401_fu_3268                  |   8|   0|    8|          0|
    |inputBuf_402_fu_3272                  |   8|   0|    8|          0|
    |inputBuf_403_fu_3276                  |   8|   0|    8|          0|
    |inputBuf_404_fu_3280                  |   8|   0|    8|          0|
    |inputBuf_405_fu_3284                  |   8|   0|    8|          0|
    |inputBuf_406_fu_3288                  |   8|   0|    8|          0|
    |inputBuf_407_fu_3292                  |   8|   0|    8|          0|
    |inputBuf_408_fu_3296                  |   8|   0|    8|          0|
    |inputBuf_409_fu_3300                  |   8|   0|    8|          0|
    |inputBuf_40_fu_1824                   |   8|   0|    8|          0|
    |inputBuf_410_fu_3304                  |   8|   0|    8|          0|
    |inputBuf_411_fu_3308                  |   8|   0|    8|          0|
    |inputBuf_412_fu_3312                  |   8|   0|    8|          0|
    |inputBuf_413_fu_3316                  |   8|   0|    8|          0|
    |inputBuf_414_fu_3320                  |   8|   0|    8|          0|
    |inputBuf_415_fu_3324                  |   8|   0|    8|          0|
    |inputBuf_416_fu_3328                  |   8|   0|    8|          0|
    |inputBuf_417_fu_3332                  |   8|   0|    8|          0|
    |inputBuf_418_fu_3336                  |   8|   0|    8|          0|
    |inputBuf_419_fu_3340                  |   8|   0|    8|          0|
    |inputBuf_41_fu_1828                   |   8|   0|    8|          0|
    |inputBuf_420_fu_3344                  |   8|   0|    8|          0|
    |inputBuf_421_fu_3348                  |   8|   0|    8|          0|
    |inputBuf_422_fu_3352                  |   8|   0|    8|          0|
    |inputBuf_423_fu_3356                  |   8|   0|    8|          0|
    |inputBuf_424_fu_3360                  |   8|   0|    8|          0|
    |inputBuf_425_fu_3364                  |   8|   0|    8|          0|
    |inputBuf_426_fu_3368                  |   8|   0|    8|          0|
    |inputBuf_427_fu_3372                  |   8|   0|    8|          0|
    |inputBuf_428_fu_3376                  |   8|   0|    8|          0|
    |inputBuf_429_fu_3380                  |   8|   0|    8|          0|
    |inputBuf_42_fu_1832                   |   8|   0|    8|          0|
    |inputBuf_430_fu_3384                  |   8|   0|    8|          0|
    |inputBuf_431_fu_3388                  |   8|   0|    8|          0|
    |inputBuf_432_fu_3392                  |   8|   0|    8|          0|
    |inputBuf_433_fu_3396                  |   8|   0|    8|          0|
    |inputBuf_434_fu_3400                  |   8|   0|    8|          0|
    |inputBuf_435_fu_3404                  |   8|   0|    8|          0|
    |inputBuf_436_fu_3408                  |   8|   0|    8|          0|
    |inputBuf_437_fu_3412                  |   8|   0|    8|          0|
    |inputBuf_438_fu_3416                  |   8|   0|    8|          0|
    |inputBuf_439_fu_3420                  |   8|   0|    8|          0|
    |inputBuf_43_fu_1836                   |   8|   0|    8|          0|
    |inputBuf_440_fu_3424                  |   8|   0|    8|          0|
    |inputBuf_441_fu_3428                  |   8|   0|    8|          0|
    |inputBuf_442_fu_3432                  |   8|   0|    8|          0|
    |inputBuf_443_fu_3436                  |   8|   0|    8|          0|
    |inputBuf_444_fu_3440                  |   8|   0|    8|          0|
    |inputBuf_445_fu_3444                  |   8|   0|    8|          0|
    |inputBuf_446_fu_3448                  |   8|   0|    8|          0|
    |inputBuf_447_fu_3452                  |   8|   0|    8|          0|
    |inputBuf_448_fu_3456                  |   8|   0|    8|          0|
    |inputBuf_449_fu_3460                  |   8|   0|    8|          0|
    |inputBuf_44_fu_1840                   |   8|   0|    8|          0|
    |inputBuf_450_fu_3464                  |   8|   0|    8|          0|
    |inputBuf_451_fu_3468                  |   8|   0|    8|          0|
    |inputBuf_452_fu_3472                  |   8|   0|    8|          0|
    |inputBuf_453_fu_3476                  |   8|   0|    8|          0|
    |inputBuf_454_fu_3480                  |   8|   0|    8|          0|
    |inputBuf_455_fu_3484                  |   8|   0|    8|          0|
    |inputBuf_456_fu_3488                  |   8|   0|    8|          0|
    |inputBuf_457_fu_3492                  |   8|   0|    8|          0|
    |inputBuf_458_fu_3496                  |   8|   0|    8|          0|
    |inputBuf_459_fu_3500                  |   8|   0|    8|          0|
    |inputBuf_45_fu_1844                   |   8|   0|    8|          0|
    |inputBuf_460_fu_3504                  |   8|   0|    8|          0|
    |inputBuf_461_fu_3508                  |   8|   0|    8|          0|
    |inputBuf_462_fu_3512                  |   8|   0|    8|          0|
    |inputBuf_463_fu_3516                  |   8|   0|    8|          0|
    |inputBuf_464_fu_3520                  |   8|   0|    8|          0|
    |inputBuf_465_fu_3524                  |   8|   0|    8|          0|
    |inputBuf_466_fu_3528                  |   8|   0|    8|          0|
    |inputBuf_467_fu_3532                  |   8|   0|    8|          0|
    |inputBuf_468_fu_3536                  |   8|   0|    8|          0|
    |inputBuf_469_fu_3540                  |   8|   0|    8|          0|
    |inputBuf_46_fu_1848                   |   8|   0|    8|          0|
    |inputBuf_470_fu_3544                  |   8|   0|    8|          0|
    |inputBuf_471_fu_3548                  |   8|   0|    8|          0|
    |inputBuf_472_fu_3552                  |   8|   0|    8|          0|
    |inputBuf_473_fu_3556                  |   8|   0|    8|          0|
    |inputBuf_474_fu_3560                  |   8|   0|    8|          0|
    |inputBuf_475_fu_3564                  |   8|   0|    8|          0|
    |inputBuf_476_fu_3568                  |   8|   0|    8|          0|
    |inputBuf_477_fu_3572                  |   8|   0|    8|          0|
    |inputBuf_478_fu_3576                  |   8|   0|    8|          0|
    |inputBuf_479_fu_3580                  |   8|   0|    8|          0|
    |inputBuf_47_fu_1852                   |   8|   0|    8|          0|
    |inputBuf_480_fu_3584                  |   8|   0|    8|          0|
    |inputBuf_481_fu_3588                  |   8|   0|    8|          0|
    |inputBuf_482_fu_3592                  |   8|   0|    8|          0|
    |inputBuf_483_fu_3596                  |   8|   0|    8|          0|
    |inputBuf_484_fu_3600                  |   8|   0|    8|          0|
    |inputBuf_485_fu_3604                  |   8|   0|    8|          0|
    |inputBuf_486_fu_3608                  |   8|   0|    8|          0|
    |inputBuf_487_fu_3612                  |   8|   0|    8|          0|
    |inputBuf_488_fu_3616                  |   8|   0|    8|          0|
    |inputBuf_489_fu_3620                  |   8|   0|    8|          0|
    |inputBuf_48_fu_1856                   |   8|   0|    8|          0|
    |inputBuf_490_fu_3624                  |   8|   0|    8|          0|
    |inputBuf_491_fu_3628                  |   8|   0|    8|          0|
    |inputBuf_492_fu_3632                  |   8|   0|    8|          0|
    |inputBuf_493_fu_3636                  |   8|   0|    8|          0|
    |inputBuf_494_fu_3640                  |   8|   0|    8|          0|
    |inputBuf_495_fu_3644                  |   8|   0|    8|          0|
    |inputBuf_496_fu_3648                  |   8|   0|    8|          0|
    |inputBuf_497_fu_3652                  |   8|   0|    8|          0|
    |inputBuf_498_fu_3656                  |   8|   0|    8|          0|
    |inputBuf_499_fu_3660                  |   8|   0|    8|          0|
    |inputBuf_49_fu_1860                   |   8|   0|    8|          0|
    |inputBuf_4_fu_1680                    |   8|   0|    8|          0|
    |inputBuf_500_fu_3664                  |   8|   0|    8|          0|
    |inputBuf_501_fu_3668                  |   8|   0|    8|          0|
    |inputBuf_502_fu_3672                  |   8|   0|    8|          0|
    |inputBuf_503_fu_3676                  |   8|   0|    8|          0|
    |inputBuf_504_fu_3680                  |   8|   0|    8|          0|
    |inputBuf_505_fu_3684                  |   8|   0|    8|          0|
    |inputBuf_506_fu_3688                  |   8|   0|    8|          0|
    |inputBuf_507_fu_3692                  |   8|   0|    8|          0|
    |inputBuf_508_fu_3696                  |   8|   0|    8|          0|
    |inputBuf_509_fu_3700                  |   8|   0|    8|          0|
    |inputBuf_50_fu_1864                   |   8|   0|    8|          0|
    |inputBuf_510_fu_3704                  |   8|   0|    8|          0|
    |inputBuf_511_fu_3708                  |   8|   0|    8|          0|
    |inputBuf_512_fu_3712                  |   8|   0|    8|          0|
    |inputBuf_513_fu_3716                  |   8|   0|    8|          0|
    |inputBuf_514_fu_3720                  |   8|   0|    8|          0|
    |inputBuf_515_fu_3724                  |   8|   0|    8|          0|
    |inputBuf_516_fu_3728                  |   8|   0|    8|          0|
    |inputBuf_517_fu_3732                  |   8|   0|    8|          0|
    |inputBuf_518_fu_3736                  |   8|   0|    8|          0|
    |inputBuf_519_fu_3740                  |   8|   0|    8|          0|
    |inputBuf_51_fu_1868                   |   8|   0|    8|          0|
    |inputBuf_520_fu_3744                  |   8|   0|    8|          0|
    |inputBuf_521_fu_3748                  |   8|   0|    8|          0|
    |inputBuf_522_fu_3752                  |   8|   0|    8|          0|
    |inputBuf_523_fu_3756                  |   8|   0|    8|          0|
    |inputBuf_524_fu_3760                  |   8|   0|    8|          0|
    |inputBuf_525_fu_3764                  |   8|   0|    8|          0|
    |inputBuf_526_fu_3768                  |   8|   0|    8|          0|
    |inputBuf_527_fu_3772                  |   8|   0|    8|          0|
    |inputBuf_528_fu_3776                  |   8|   0|    8|          0|
    |inputBuf_529_fu_3780                  |   8|   0|    8|          0|
    |inputBuf_52_fu_1872                   |   8|   0|    8|          0|
    |inputBuf_530_fu_3784                  |   8|   0|    8|          0|
    |inputBuf_531_fu_3788                  |   8|   0|    8|          0|
    |inputBuf_532_fu_3792                  |   8|   0|    8|          0|
    |inputBuf_533_fu_3796                  |   8|   0|    8|          0|
    |inputBuf_534_fu_3800                  |   8|   0|    8|          0|
    |inputBuf_535_fu_3804                  |   8|   0|    8|          0|
    |inputBuf_536_fu_3808                  |   8|   0|    8|          0|
    |inputBuf_537_fu_3812                  |   8|   0|    8|          0|
    |inputBuf_538_fu_3816                  |   8|   0|    8|          0|
    |inputBuf_539_fu_3820                  |   8|   0|    8|          0|
    |inputBuf_53_fu_1876                   |   8|   0|    8|          0|
    |inputBuf_540_fu_3824                  |   8|   0|    8|          0|
    |inputBuf_541_fu_3828                  |   8|   0|    8|          0|
    |inputBuf_542_fu_3832                  |   8|   0|    8|          0|
    |inputBuf_543_fu_3836                  |   8|   0|    8|          0|
    |inputBuf_544_fu_3840                  |   8|   0|    8|          0|
    |inputBuf_545_fu_3844                  |   8|   0|    8|          0|
    |inputBuf_546_fu_3848                  |   8|   0|    8|          0|
    |inputBuf_547_fu_3852                  |   8|   0|    8|          0|
    |inputBuf_548_fu_3856                  |   8|   0|    8|          0|
    |inputBuf_549_fu_3860                  |   8|   0|    8|          0|
    |inputBuf_54_fu_1880                   |   8|   0|    8|          0|
    |inputBuf_550_fu_3864                  |   8|   0|    8|          0|
    |inputBuf_551_fu_3868                  |   8|   0|    8|          0|
    |inputBuf_552_fu_3872                  |   8|   0|    8|          0|
    |inputBuf_553_fu_3876                  |   8|   0|    8|          0|
    |inputBuf_554_fu_3880                  |   8|   0|    8|          0|
    |inputBuf_555_fu_3884                  |   8|   0|    8|          0|
    |inputBuf_556_fu_3888                  |   8|   0|    8|          0|
    |inputBuf_557_fu_3892                  |   8|   0|    8|          0|
    |inputBuf_558_fu_3896                  |   8|   0|    8|          0|
    |inputBuf_559_fu_3900                  |   8|   0|    8|          0|
    |inputBuf_55_fu_1884                   |   8|   0|    8|          0|
    |inputBuf_560_fu_3904                  |   8|   0|    8|          0|
    |inputBuf_561_fu_3908                  |   8|   0|    8|          0|
    |inputBuf_562_fu_3912                  |   8|   0|    8|          0|
    |inputBuf_563_fu_3916                  |   8|   0|    8|          0|
    |inputBuf_564_fu_3920                  |   8|   0|    8|          0|
    |inputBuf_565_fu_3924                  |   8|   0|    8|          0|
    |inputBuf_566_fu_3928                  |   8|   0|    8|          0|
    |inputBuf_567_fu_3932                  |   8|   0|    8|          0|
    |inputBuf_568_fu_3936                  |   8|   0|    8|          0|
    |inputBuf_569_fu_3940                  |   8|   0|    8|          0|
    |inputBuf_56_fu_1888                   |   8|   0|    8|          0|
    |inputBuf_570_fu_3944                  |   8|   0|    8|          0|
    |inputBuf_571_fu_3948                  |   8|   0|    8|          0|
    |inputBuf_572_fu_3952                  |   8|   0|    8|          0|
    |inputBuf_573_fu_3956                  |   8|   0|    8|          0|
    |inputBuf_574_fu_3960                  |   8|   0|    8|          0|
    |inputBuf_575_fu_3964                  |   8|   0|    8|          0|
    |inputBuf_576_fu_3968                  |   8|   0|    8|          0|
    |inputBuf_577_fu_3972                  |   8|   0|    8|          0|
    |inputBuf_578_fu_3976                  |   8|   0|    8|          0|
    |inputBuf_579_fu_3980                  |   8|   0|    8|          0|
    |inputBuf_57_fu_1892                   |   8|   0|    8|          0|
    |inputBuf_580_fu_3984                  |   8|   0|    8|          0|
    |inputBuf_581_fu_3988                  |   8|   0|    8|          0|
    |inputBuf_582_fu_3992                  |   8|   0|    8|          0|
    |inputBuf_583_fu_3996                  |   8|   0|    8|          0|
    |inputBuf_584_fu_4000                  |   8|   0|    8|          0|
    |inputBuf_585_fu_4004                  |   8|   0|    8|          0|
    |inputBuf_586_fu_4008                  |   8|   0|    8|          0|
    |inputBuf_587_fu_4012                  |   8|   0|    8|          0|
    |inputBuf_588_fu_4016                  |   8|   0|    8|          0|
    |inputBuf_589_fu_4020                  |   8|   0|    8|          0|
    |inputBuf_58_fu_1896                   |   8|   0|    8|          0|
    |inputBuf_590_fu_4024                  |   8|   0|    8|          0|
    |inputBuf_591_fu_4028                  |   8|   0|    8|          0|
    |inputBuf_592_fu_4032                  |   8|   0|    8|          0|
    |inputBuf_593_fu_4036                  |   8|   0|    8|          0|
    |inputBuf_594_fu_4040                  |   8|   0|    8|          0|
    |inputBuf_595_fu_4044                  |   8|   0|    8|          0|
    |inputBuf_596_fu_4048                  |   8|   0|    8|          0|
    |inputBuf_597_fu_4052                  |   8|   0|    8|          0|
    |inputBuf_598_fu_4056                  |   8|   0|    8|          0|
    |inputBuf_599_fu_4060                  |   8|   0|    8|          0|
    |inputBuf_59_fu_1900                   |   8|   0|    8|          0|
    |inputBuf_5_fu_1684                    |   8|   0|    8|          0|
    |inputBuf_600_fu_4064                  |   8|   0|    8|          0|
    |inputBuf_601_fu_4068                  |   8|   0|    8|          0|
    |inputBuf_602_fu_4072                  |   8|   0|    8|          0|
    |inputBuf_603_fu_4076                  |   8|   0|    8|          0|
    |inputBuf_604_fu_4080                  |   8|   0|    8|          0|
    |inputBuf_605_fu_4084                  |   8|   0|    8|          0|
    |inputBuf_606_fu_4088                  |   8|   0|    8|          0|
    |inputBuf_607_fu_4092                  |   8|   0|    8|          0|
    |inputBuf_608_fu_4096                  |   8|   0|    8|          0|
    |inputBuf_609_fu_4100                  |   8|   0|    8|          0|
    |inputBuf_60_fu_1904                   |   8|   0|    8|          0|
    |inputBuf_610_fu_4104                  |   8|   0|    8|          0|
    |inputBuf_611_fu_4108                  |   8|   0|    8|          0|
    |inputBuf_612_fu_4112                  |   8|   0|    8|          0|
    |inputBuf_613_fu_4116                  |   8|   0|    8|          0|
    |inputBuf_614_fu_4120                  |   8|   0|    8|          0|
    |inputBuf_615_fu_4124                  |   8|   0|    8|          0|
    |inputBuf_616_fu_4128                  |   8|   0|    8|          0|
    |inputBuf_617_fu_4132                  |   8|   0|    8|          0|
    |inputBuf_618_fu_4136                  |   8|   0|    8|          0|
    |inputBuf_619_fu_4140                  |   8|   0|    8|          0|
    |inputBuf_61_fu_1908                   |   8|   0|    8|          0|
    |inputBuf_620_fu_4144                  |   8|   0|    8|          0|
    |inputBuf_621_fu_4148                  |   8|   0|    8|          0|
    |inputBuf_622_fu_4152                  |   8|   0|    8|          0|
    |inputBuf_623_fu_4156                  |   8|   0|    8|          0|
    |inputBuf_624_fu_4160                  |   8|   0|    8|          0|
    |inputBuf_625_fu_4164                  |   8|   0|    8|          0|
    |inputBuf_626_fu_4168                  |   8|   0|    8|          0|
    |inputBuf_627_fu_4172                  |   8|   0|    8|          0|
    |inputBuf_628_fu_4176                  |   8|   0|    8|          0|
    |inputBuf_629_fu_4180                  |   8|   0|    8|          0|
    |inputBuf_62_fu_1912                   |   8|   0|    8|          0|
    |inputBuf_630_fu_4184                  |   8|   0|    8|          0|
    |inputBuf_631_fu_4188                  |   8|   0|    8|          0|
    |inputBuf_632_fu_4192                  |   8|   0|    8|          0|
    |inputBuf_633_fu_4196                  |   8|   0|    8|          0|
    |inputBuf_634_fu_4200                  |   8|   0|    8|          0|
    |inputBuf_635_fu_4204                  |   8|   0|    8|          0|
    |inputBuf_636_fu_4208                  |   8|   0|    8|          0|
    |inputBuf_637_fu_4212                  |   8|   0|    8|          0|
    |inputBuf_638_fu_4216                  |   8|   0|    8|          0|
    |inputBuf_639_fu_4220                  |   8|   0|    8|          0|
    |inputBuf_63_fu_1916                   |   8|   0|    8|          0|
    |inputBuf_640_fu_4224                  |   8|   0|    8|          0|
    |inputBuf_641_fu_4228                  |   8|   0|    8|          0|
    |inputBuf_642_fu_4232                  |   8|   0|    8|          0|
    |inputBuf_643_fu_4236                  |   8|   0|    8|          0|
    |inputBuf_644_fu_4240                  |   8|   0|    8|          0|
    |inputBuf_645_fu_4244                  |   8|   0|    8|          0|
    |inputBuf_646_fu_4248                  |   8|   0|    8|          0|
    |inputBuf_647_fu_4252                  |   8|   0|    8|          0|
    |inputBuf_648_fu_4256                  |   8|   0|    8|          0|
    |inputBuf_649_fu_4260                  |   8|   0|    8|          0|
    |inputBuf_64_fu_1920                   |   8|   0|    8|          0|
    |inputBuf_650_fu_4264                  |   8|   0|    8|          0|
    |inputBuf_651_fu_4268                  |   8|   0|    8|          0|
    |inputBuf_652_fu_4272                  |   8|   0|    8|          0|
    |inputBuf_653_fu_4276                  |   8|   0|    8|          0|
    |inputBuf_654_fu_4280                  |   8|   0|    8|          0|
    |inputBuf_655_fu_4284                  |   8|   0|    8|          0|
    |inputBuf_656_fu_4288                  |   8|   0|    8|          0|
    |inputBuf_657_fu_4292                  |   8|   0|    8|          0|
    |inputBuf_658_fu_4296                  |   8|   0|    8|          0|
    |inputBuf_659_fu_4300                  |   8|   0|    8|          0|
    |inputBuf_65_fu_1924                   |   8|   0|    8|          0|
    |inputBuf_660_fu_4304                  |   8|   0|    8|          0|
    |inputBuf_661_fu_4308                  |   8|   0|    8|          0|
    |inputBuf_662_fu_4312                  |   8|   0|    8|          0|
    |inputBuf_663_fu_4316                  |   8|   0|    8|          0|
    |inputBuf_664_fu_4320                  |   8|   0|    8|          0|
    |inputBuf_665_fu_4324                  |   8|   0|    8|          0|
    |inputBuf_666_fu_4328                  |   8|   0|    8|          0|
    |inputBuf_667_fu_4332                  |   8|   0|    8|          0|
    |inputBuf_668_fu_4336                  |   8|   0|    8|          0|
    |inputBuf_669_fu_4340                  |   8|   0|    8|          0|
    |inputBuf_66_fu_1928                   |   8|   0|    8|          0|
    |inputBuf_670_fu_4344                  |   8|   0|    8|          0|
    |inputBuf_671_fu_4348                  |   8|   0|    8|          0|
    |inputBuf_672_fu_4352                  |   8|   0|    8|          0|
    |inputBuf_673_fu_4356                  |   8|   0|    8|          0|
    |inputBuf_674_fu_4360                  |   8|   0|    8|          0|
    |inputBuf_675_fu_4364                  |   8|   0|    8|          0|
    |inputBuf_676_fu_4368                  |   8|   0|    8|          0|
    |inputBuf_677_fu_4372                  |   8|   0|    8|          0|
    |inputBuf_678_fu_4376                  |   8|   0|    8|          0|
    |inputBuf_679_fu_4380                  |   8|   0|    8|          0|
    |inputBuf_67_fu_1932                   |   8|   0|    8|          0|
    |inputBuf_680_fu_4384                  |   8|   0|    8|          0|
    |inputBuf_681_fu_4388                  |   8|   0|    8|          0|
    |inputBuf_682_fu_4392                  |   8|   0|    8|          0|
    |inputBuf_683_fu_4396                  |   8|   0|    8|          0|
    |inputBuf_684_fu_4400                  |   8|   0|    8|          0|
    |inputBuf_685_fu_4404                  |   8|   0|    8|          0|
    |inputBuf_686_fu_4408                  |   8|   0|    8|          0|
    |inputBuf_687_fu_4412                  |   8|   0|    8|          0|
    |inputBuf_688_fu_4416                  |   8|   0|    8|          0|
    |inputBuf_689_fu_4420                  |   8|   0|    8|          0|
    |inputBuf_68_fu_1936                   |   8|   0|    8|          0|
    |inputBuf_690_fu_4424                  |   8|   0|    8|          0|
    |inputBuf_691_fu_4428                  |   8|   0|    8|          0|
    |inputBuf_692_fu_4432                  |   8|   0|    8|          0|
    |inputBuf_693_fu_4436                  |   8|   0|    8|          0|
    |inputBuf_694_fu_4440                  |   8|   0|    8|          0|
    |inputBuf_695_fu_4444                  |   8|   0|    8|          0|
    |inputBuf_696_fu_4448                  |   8|   0|    8|          0|
    |inputBuf_697_fu_4452                  |   8|   0|    8|          0|
    |inputBuf_698_fu_4456                  |   8|   0|    8|          0|
    |inputBuf_699_fu_4460                  |   8|   0|    8|          0|
    |inputBuf_69_fu_1940                   |   8|   0|    8|          0|
    |inputBuf_6_fu_1688                    |   8|   0|    8|          0|
    |inputBuf_700_fu_4464                  |   8|   0|    8|          0|
    |inputBuf_701_fu_4468                  |   8|   0|    8|          0|
    |inputBuf_702_fu_4472                  |   8|   0|    8|          0|
    |inputBuf_703_fu_4476                  |   8|   0|    8|          0|
    |inputBuf_704_fu_4480                  |   8|   0|    8|          0|
    |inputBuf_705_fu_4484                  |   8|   0|    8|          0|
    |inputBuf_706_fu_4488                  |   8|   0|    8|          0|
    |inputBuf_707_fu_4492                  |   8|   0|    8|          0|
    |inputBuf_708_fu_4496                  |   8|   0|    8|          0|
    |inputBuf_709_fu_4500                  |   8|   0|    8|          0|
    |inputBuf_70_fu_1944                   |   8|   0|    8|          0|
    |inputBuf_710_fu_4504                  |   8|   0|    8|          0|
    |inputBuf_711_fu_4508                  |   8|   0|    8|          0|
    |inputBuf_712_fu_4512                  |   8|   0|    8|          0|
    |inputBuf_713_fu_4516                  |   8|   0|    8|          0|
    |inputBuf_714_fu_4520                  |   8|   0|    8|          0|
    |inputBuf_715_fu_4524                  |   8|   0|    8|          0|
    |inputBuf_716_fu_4528                  |   8|   0|    8|          0|
    |inputBuf_717_fu_4532                  |   8|   0|    8|          0|
    |inputBuf_718_fu_4536                  |   8|   0|    8|          0|
    |inputBuf_719_fu_4540                  |   8|   0|    8|          0|
    |inputBuf_71_fu_1948                   |   8|   0|    8|          0|
    |inputBuf_720_fu_4544                  |   8|   0|    8|          0|
    |inputBuf_721_fu_4548                  |   8|   0|    8|          0|
    |inputBuf_722_fu_4552                  |   8|   0|    8|          0|
    |inputBuf_723_fu_4556                  |   8|   0|    8|          0|
    |inputBuf_724_fu_4560                  |   8|   0|    8|          0|
    |inputBuf_725_fu_4564                  |   8|   0|    8|          0|
    |inputBuf_726_fu_4568                  |   8|   0|    8|          0|
    |inputBuf_727_fu_4572                  |   8|   0|    8|          0|
    |inputBuf_728_fu_4576                  |   8|   0|    8|          0|
    |inputBuf_729_fu_4580                  |   8|   0|    8|          0|
    |inputBuf_72_fu_1952                   |   8|   0|    8|          0|
    |inputBuf_730_fu_4584                  |   8|   0|    8|          0|
    |inputBuf_731_fu_4588                  |   8|   0|    8|          0|
    |inputBuf_732_fu_4592                  |   8|   0|    8|          0|
    |inputBuf_733_fu_4596                  |   8|   0|    8|          0|
    |inputBuf_734_fu_4600                  |   8|   0|    8|          0|
    |inputBuf_735_fu_4604                  |   8|   0|    8|          0|
    |inputBuf_736_fu_4608                  |   8|   0|    8|          0|
    |inputBuf_737_fu_4612                  |   8|   0|    8|          0|
    |inputBuf_738_fu_4616                  |   8|   0|    8|          0|
    |inputBuf_739_fu_4620                  |   8|   0|    8|          0|
    |inputBuf_73_fu_1956                   |   8|   0|    8|          0|
    |inputBuf_740_fu_4624                  |   8|   0|    8|          0|
    |inputBuf_741_fu_4628                  |   8|   0|    8|          0|
    |inputBuf_742_fu_4632                  |   8|   0|    8|          0|
    |inputBuf_743_fu_4636                  |   8|   0|    8|          0|
    |inputBuf_744_fu_4640                  |   8|   0|    8|          0|
    |inputBuf_745_fu_4644                  |   8|   0|    8|          0|
    |inputBuf_746_fu_4648                  |   8|   0|    8|          0|
    |inputBuf_747_fu_4652                  |   8|   0|    8|          0|
    |inputBuf_748_fu_4656                  |   8|   0|    8|          0|
    |inputBuf_749_fu_4660                  |   8|   0|    8|          0|
    |inputBuf_74_fu_1960                   |   8|   0|    8|          0|
    |inputBuf_750_fu_4664                  |   8|   0|    8|          0|
    |inputBuf_751_fu_4668                  |   8|   0|    8|          0|
    |inputBuf_752_fu_4672                  |   8|   0|    8|          0|
    |inputBuf_753_fu_4676                  |   8|   0|    8|          0|
    |inputBuf_754_fu_4680                  |   8|   0|    8|          0|
    |inputBuf_755_fu_4684                  |   8|   0|    8|          0|
    |inputBuf_756_fu_4688                  |   8|   0|    8|          0|
    |inputBuf_757_fu_4692                  |   8|   0|    8|          0|
    |inputBuf_758_fu_4696                  |   8|   0|    8|          0|
    |inputBuf_759_fu_4700                  |   8|   0|    8|          0|
    |inputBuf_75_fu_1964                   |   8|   0|    8|          0|
    |inputBuf_760_fu_4704                  |   8|   0|    8|          0|
    |inputBuf_761_fu_4708                  |   8|   0|    8|          0|
    |inputBuf_762_fu_4712                  |   8|   0|    8|          0|
    |inputBuf_763_fu_4716                  |   8|   0|    8|          0|
    |inputBuf_764_fu_4720                  |   8|   0|    8|          0|
    |inputBuf_765_fu_4724                  |   8|   0|    8|          0|
    |inputBuf_766_fu_4728                  |   8|   0|    8|          0|
    |inputBuf_767_fu_4732                  |   8|   0|    8|          0|
    |inputBuf_768_fu_4736                  |   8|   0|    8|          0|
    |inputBuf_769_fu_4740                  |   8|   0|    8|          0|
    |inputBuf_76_fu_1968                   |   8|   0|    8|          0|
    |inputBuf_770_fu_4744                  |   8|   0|    8|          0|
    |inputBuf_771_fu_4748                  |   8|   0|    8|          0|
    |inputBuf_772_fu_4752                  |   8|   0|    8|          0|
    |inputBuf_773_fu_4756                  |   8|   0|    8|          0|
    |inputBuf_774_fu_4760                  |   8|   0|    8|          0|
    |inputBuf_775_fu_4764                  |   8|   0|    8|          0|
    |inputBuf_776_fu_4768                  |   8|   0|    8|          0|
    |inputBuf_777_fu_4772                  |   8|   0|    8|          0|
    |inputBuf_778_fu_4776                  |   8|   0|    8|          0|
    |inputBuf_779_fu_4780                  |   8|   0|    8|          0|
    |inputBuf_77_fu_1972                   |   8|   0|    8|          0|
    |inputBuf_780_fu_4784                  |   8|   0|    8|          0|
    |inputBuf_781_fu_4788                  |   8|   0|    8|          0|
    |inputBuf_782_fu_4792                  |   8|   0|    8|          0|
    |inputBuf_783_fu_4796                  |   8|   0|    8|          0|
    |inputBuf_784_reg_19778                |   8|   0|    8|          0|
    |inputBuf_78_fu_1976                   |   8|   0|    8|          0|
    |inputBuf_79_fu_1980                   |   8|   0|    8|          0|
    |inputBuf_7_fu_1692                    |   8|   0|    8|          0|
    |inputBuf_80_fu_1984                   |   8|   0|    8|          0|
    |inputBuf_81_fu_1988                   |   8|   0|    8|          0|
    |inputBuf_82_fu_1992                   |   8|   0|    8|          0|
    |inputBuf_83_fu_1996                   |   8|   0|    8|          0|
    |inputBuf_84_fu_2000                   |   8|   0|    8|          0|
    |inputBuf_85_fu_2004                   |   8|   0|    8|          0|
    |inputBuf_86_fu_2008                   |   8|   0|    8|          0|
    |inputBuf_87_fu_2012                   |   8|   0|    8|          0|
    |inputBuf_88_fu_2016                   |   8|   0|    8|          0|
    |inputBuf_89_fu_2020                   |   8|   0|    8|          0|
    |inputBuf_8_fu_1696                    |   8|   0|    8|          0|
    |inputBuf_90_fu_2024                   |   8|   0|    8|          0|
    |inputBuf_91_fu_2028                   |   8|   0|    8|          0|
    |inputBuf_92_fu_2032                   |   8|   0|    8|          0|
    |inputBuf_93_fu_2036                   |   8|   0|    8|          0|
    |inputBuf_94_fu_2040                   |   8|   0|    8|          0|
    |inputBuf_95_fu_2044                   |   8|   0|    8|          0|
    |inputBuf_96_fu_2048                   |   8|   0|    8|          0|
    |inputBuf_97_fu_2052                   |   8|   0|    8|          0|
    |inputBuf_98_fu_2056                   |   8|   0|    8|          0|
    |inputBuf_99_fu_2060                   |   8|   0|    8|          0|
    |inputBuf_9_fu_1700                    |   8|   0|    8|          0|
    |inputBuf_fu_1664                      |   8|   0|    8|          0|
    |nf_1_fu_4800                          |  32|   0|   32|          0|
    |nf_2_reg_19757                        |  32|   0|   32|          0|
    |nf_2_reg_19757_pp0_iter1_reg          |  32|   0|   32|          0|
    |nf_2_reg_19757_pp0_iter2_reg          |  32|   0|   32|          0|
    |p_0_0_07335_fu_1660                   |  32|   0|   32|          0|
    |sf_fu_1652                            |  32|   0|   32|          0|
    +--------------------------------------+----+----+-----+-----------+
    |Total                                 |6540|   0| 6540|          0|
    +--------------------------------------+----+----+-----+-----------+



================================================================
== Interface
================================================================
* Summary: 
+------------------+-----+-----+------------+-------------------------------------+--------------+
|     RTL Ports    | Dir | Bits|  Protocol  |            Source Object            |    C Type    |
+------------------+-----+-----+------------+-------------------------------------+--------------+
|ap_clk            |   in|    1|  ap_ctrl_hs|  Matrix_Vector_Activate_Stream_Batch|  return value|
|ap_rst            |   in|    1|  ap_ctrl_hs|  Matrix_Vector_Activate_Stream_Batch|  return value|
|ap_start          |   in|    1|  ap_ctrl_hs|  Matrix_Vector_Activate_Stream_Batch|  return value|
|ap_done           |  out|    1|  ap_ctrl_hs|  Matrix_Vector_Activate_Stream_Batch|  return value|
|ap_idle           |  out|    1|  ap_ctrl_hs|  Matrix_Vector_Activate_Stream_Batch|  return value|
|ap_ready          |  out|    1|  ap_ctrl_hs|  Matrix_Vector_Activate_Stream_Batch|  return value|
|in0_V_TVALID      |   in|    1|        axis|                                in0_V|       pointer|
|in0_V_TDATA       |   in|    8|        axis|                                in0_V|       pointer|
|in0_V_TREADY      |  out|    1|        axis|                                in0_V|       pointer|
|weights_V_TVALID  |   in|    1|        axis|                            weights_V|       pointer|
|weights_V_TDATA   |   in|    8|        axis|                            weights_V|       pointer|
|weights_V_TREADY  |  out|    1|        axis|                            weights_V|       pointer|
|out_V_TREADY      |   in|    1|        axis|                                out_V|       pointer|
|out_V_TDATA       |  out|    8|        axis|                                out_V|       pointer|
|out_V_TVALID      |  out|    1|        axis|                                out_V|       pointer|
+------------------+-----+-----+------------+-------------------------------------+--------------+

